<html>
<body>
<pre>
<h1>µVision Build Log</h1>
<h2>Tool Versions:</h2>
IDE-Version: ¦ÌVision V5.24.2.0
Copyright (C) 2017 ARM Ltd and ARM Germany GmbH. All rights reserved.
License Information: H hanhaitao, T, LIC=YA39H-WGTD0-CXEU6-DSM6E-1WVZP-KE2Z1
 
Tool Versions:
Toolchain:       MDK-ARM Plus  Version: 5.24.1
Toolchain Path:  D:\STM32\ARM\ARMCC\Bin
C Compiler:      Armcc.exe V5.06 update 5 (build 528)
Assembler:       Armasm.exe V5.06 update 5 (build 528)
Linker/Locator:  ArmLink.exe V5.06 update 5 (build 528)
Library Manager: ArmAr.exe V5.06 update 5 (build 528)
Hex Converter:   FromElf.exe V5.06 update 5 (build 528)
CPU DLL:         SARMCM3.DLL V5.24.1
Dialog DLL:      DCM.DLL V1.16.0.0
Target DLL:      CMSIS_AGDI.dll V1.28.3.0
Dialog DLL:      TCM.DLL V1.32.0.0
 
<h2>Project:</h2>
E:\pickbotnew\pickbot\MDK-ARM\pickbot.uvprojx
Project File Date:  07/03/2026

<h2>Output:</h2>
*** Using Compiler 'V5.06 update 5 (build 528)', folder: 'D:\STM32\ARM\ARMCC\Bin'
Build target 'pickbot'
compiling stm32f1xx_it.c...
compiling zdt_odometry.c...
compiling pickbot_comm.c...
compiling main.c...
../Core/Src/main.c(108): warning:  #223-D: function "PickbotComm_Init" declared implicitly
    PickbotComm_Init();
../Core/Src/main.c: 1 warning, 0 errors
compiling can.c...
../Core/Src/can.c(219): warning:  #223-D: function "ZDT_Motor_OnCanRx" declared implicitly
        ZDT_Motor_OnCanRx(&g_can_app.rx_header, g_can_app.rx_data);
../Core/Src/can.c(250): warning:  #223-D: function "ZDT_Motor_OnCanRx" declared implicitly
      ZDT_Motor_OnCanRx(&g_can_app.rx_header, g_can_app.rx_data);
../Core/Src/can.c: 2 warnings, 0 errors
compiling pickbot.c...
compiling gpio.c...
compiling zdt_motor.c...
compiling tim.c...
compiling adc.c...
compiling us100.c...
compiling drv8874.c...
compiling emm_v5.c...
compiling freertos.c...
compiling usart.c...
compiling jy901s.c...
../BSP/jy901s.c(59): warning:  #177-D: function "jy901s_gz_corrected"  was declared but never referenced
  static float jy901s_gz_corrected(float gz_dps)
../BSP/jy901s.c(119): warning:  #177-D: function "jy901s_write_reg16"  was declared but never referenced
  static bool jy901s_write_reg16(uint8_t reg, int16_t value)
../BSP/jy901s.c: 2 warnings, 0 errors
linking...
Program Size: Code=35972 RO-data=572 RW-data=372 ZI-data=15084  
FromELF: creating hex file...
"pickbot\pickbot.axf" - 0 Error(s), 5 Warning(s).

<h2>Software Packages used:</h2>

Package Vendor: ARM
                http://www.keil.com/pack/ARM.CMSIS.5.8.0.pack
                ARM.CMSIS.5.8.0
                CMSIS (Common Microcontroller Software Interface Standard)
   * Component: CORE Version: 5.5.0

Package Vendor: Keil
                http://www.keil.com/pack/Keil.STM32F1xx_DFP.2.2.0.pack
                Keil.STM32F1xx_DFP.2.2.0
                STMicroelectronics STM32F1 Series Device Support, Drivers and Examples

<h2>Collection of Component include folders:</h2>
  .\RTE\_pickbot
  D:\STM32\ARM\PACK\ARM\CMSIS\5.8.0\CMSIS\Core\Include
  D:\STM32\ARM\PACK\Keil\STM32F1xx_DFP\2.2.0\Device\Include

<h2>Collection of Component Files used:</h2>

   * Component: ARM::CMSIS:CORE:5.5.0
      Include file:  CMSIS\Core\Include\tz_context.h
Build Time Elapsed:  00:00:03
</pre>
</body>
</html>
