Component: ARM Compiler 5.06 update 5 (build 528) Tool: armlink [4d35e2]

==============================================================================

Section Cross References

    startup_stm32f103xb.o(STACK) refers (Special) to heapauxi.o(.text) for __use_two_region_memory
    startup_stm32f103xb.o(HEAP) refers (Special) to heapauxi.o(.text) for __use_two_region_memory
    startup_stm32f103xb.o(RESET) refers (Special) to heapauxi.o(.text) for __use_two_region_memory
    startup_stm32f103xb.o(RESET) refers to startup_stm32f103xb.o(STACK) for __initial_sp
    startup_stm32f103xb.o(RESET) refers to startup_stm32f103xb.o(.text) for Reset_Handler
    startup_stm32f103xb.o(RESET) refers to stm32f1xx_it.o(i.NMI_Handler) for NMI_Handler
    startup_stm32f103xb.o(RESET) refers to stm32f1xx_it.o(i.HardFault_Handler) for HardFault_Handler
    startup_stm32f103xb.o(RESET) refers to stm32f1xx_it.o(i.MemManage_Handler) for MemManage_Handler
    startup_stm32f103xb.o(RESET) refers to stm32f1xx_it.o(i.BusFault_Handler) for BusFault_Handler
    startup_stm32f103xb.o(RESET) refers to stm32f1xx_it.o(i.UsageFault_Handler) for UsageFault_Handler
    startup_stm32f103xb.o(RESET) refers to port.o(.emb_text) for SVC_Handler
    startup_stm32f103xb.o(RESET) refers to stm32f1xx_it.o(i.DebugMon_Handler) for DebugMon_Handler
    startup_stm32f103xb.o(RESET) refers to port.o(i.SysTick_Handler) for SysTick_Handler
    startup_stm32f103xb.o(RESET) refers to stm32f1xx_it.o(i.USB_LP_CAN1_RX0_IRQHandler) for USB_LP_CAN1_RX0_IRQHandler
    startup_stm32f103xb.o(RESET) refers to stm32f1xx_it.o(i.TIM1_UP_IRQHandler) for TIM1_UP_IRQHandler
    startup_stm32f103xb.o(RESET) refers to stm32f1xx_it.o(i.TIM2_IRQHandler) for TIM2_IRQHandler
    startup_stm32f103xb.o(RESET) refers to stm32f1xx_it.o(i.TIM4_IRQHandler) for TIM4_IRQHandler
    startup_stm32f103xb.o(RESET) refers to stm32f1xx_it.o(i.USART1_IRQHandler) for USART1_IRQHandler
    startup_stm32f103xb.o(RESET) refers to stm32f1xx_it.o(i.USART2_IRQHandler) for USART2_IRQHandler
    startup_stm32f103xb.o(RESET) refers to stm32f1xx_it.o(i.USART3_IRQHandler) for USART3_IRQHandler
    startup_stm32f103xb.o(.text) refers (Special) to heapauxi.o(.text) for __use_two_region_memory
    startup_stm32f103xb.o(.text) refers to system_stm32f1xx.o(i.SystemInit) for SystemInit
    startup_stm32f103xb.o(.text) refers to __main.o(!!!main) for __main
    startup_stm32f103xb.o(.text) refers to startup_stm32f103xb.o(HEAP) for Heap_Mem
    startup_stm32f103xb.o(.text) refers to startup_stm32f103xb.o(STACK) for Stack_Mem
    main.o(i.SystemClock_Config) refers to rt_memclr_w.o(.text) for __aeabi_memclr4
    main.o(i.SystemClock_Config) refers to stm32f1xx_hal_rcc.o(i.HAL_RCC_OscConfig) for HAL_RCC_OscConfig
    main.o(i.SystemClock_Config) refers to main.o(i.Error_Handler) for Error_Handler
    main.o(i.SystemClock_Config) refers to stm32f1xx_hal_rcc.o(i.HAL_RCC_ClockConfig) for HAL_RCC_ClockConfig
    main.o(i.SystemClock_Config) refers to stm32f1xx_hal_rcc_ex.o(i.HAL_RCCEx_PeriphCLKConfig) for HAL_RCCEx_PeriphCLKConfig
    main.o(i.main) refers to stm32f1xx_hal.o(i.HAL_Init) for HAL_Init
    main.o(i.main) refers to main.o(i.SystemClock_Config) for SystemClock_Config
    main.o(i.main) refers to gpio.o(i.MX_GPIO_Init) for MX_GPIO_Init
    main.o(i.main) refers to can.o(i.MX_CAN_Init) for MX_CAN_Init
    main.o(i.main) refers to i2c.o(i.MX_I2C1_Init) for MX_I2C1_Init
    main.o(i.main) refers to tim.o(i.MX_TIM3_Init) for MX_TIM3_Init
    main.o(i.main) refers to usart.o(i.MX_USART1_UART_Init) for MX_USART1_UART_Init
    main.o(i.main) refers to adc.o(i.MX_ADC1_Init) for MX_ADC1_Init
    main.o(i.main) refers to tim.o(i.MX_TIM2_Init) for MX_TIM2_Init
    main.o(i.main) refers to tim.o(i.MX_TIM1_Init) for MX_TIM1_Init
    main.o(i.main) refers to usart.o(i.MX_USART2_UART_Init) for MX_USART2_UART_Init
    main.o(i.main) refers to usart.o(i.MX_USART3_UART_Init) for MX_USART3_UART_Init
    main.o(i.main) refers to can.o(i.CAN_App_FilterInit) for CAN_App_FilterInit
    main.o(i.main) refers to can.o(i.CAN_App_Start) for CAN_App_Start
    main.o(i.main) refers to pickbot_comm.o(i.PickbotComm_Init) for PickbotComm_Init
    main.o(i.main) refers to freertos.o(i.MX_FREERTOS_Init) for MX_FREERTOS_Init
    main.o(i.main) refers to cmsis_os.o(i.osKernelStart) for osKernelStart
    gpio.o(i.MX_GPIO_Init) refers to stm32f1xx_hal_gpio.o(i.HAL_GPIO_WritePin) for HAL_GPIO_WritePin
    gpio.o(i.MX_GPIO_Init) refers to stm32f1xx_hal_gpio.o(i.HAL_GPIO_Init) for HAL_GPIO_Init
    freertos.o(i.JY901read) refers to pickbot.o(i.Pickbot_Task_JY901S) for Pickbot_Task_JY901S
    freertos.o(i.JY901read) refers to cmsis_os.o(i.osDelay) for osDelay
    freertos.o(i.MX_FREERTOS_Init) refers to rt_memcpy_w.o(.text) for __aeabi_memcpy4
    freertos.o(i.MX_FREERTOS_Init) refers to cmsis_os.o(i.osThreadCreate) for osThreadCreate
[...]
    __rt_memclr_w                            0x080003b3   Thumb Code    78  rt_memclr_w.o(.text)
    _memset_w                                0x080003b7   Thumb Code     0  rt_memclr_w.o(.text)
    __use_two_region_memory                  0x08000401   Thumb Code     2  heapauxi.o(.text)
    __rt_heap_escrow$2region                 0x08000403   Thumb Code     2  heapauxi.o(.text)
    __rt_heap_expand$2region                 0x08000405   Thumb Code     2  heapauxi.o(.text)
    __read_errno                             0x08000407   Thumb Code    10  _rserrno.o(.text)
    __set_errno                              0x08000411   Thumb Code    12  _rserrno.o(.text)
    __aeabi_errno_addr                       0x0800041d   Thumb Code     8  rt_errno_addr_intlibspace.o(.text)
    __errno$intlibspace                      0x0800041d   Thumb Code     0  rt_errno_addr_intlibspace.o(.text)
    __rt_errno_addr$intlibspace              0x0800041d   Thumb Code     0  rt_errno_addr_intlibspace.o(.text)
    __user_libspace                          0x08000425   Thumb Code     8  libspace.o(.text)
    __user_perproc_libspace                  0x08000425   Thumb Code     0  libspace.o(.text)
    __user_perthread_libspace                0x08000425   Thumb Code     0  libspace.o(.text)
    __user_setup_stackheap                   0x0800042d   Thumb Code    74  sys_stackheap_outer.o(.text)
    exit                                     0x08000477   Thumb Code    18  exit.o(.text)
    _sys_exit                                0x08000489   Thumb Code     8  sys_exit.o(.text)
    __I$use$semihosting                      0x08000495   Thumb Code     0  use_no_semi.o(.text)
    __use_no_semihosting_swi                 0x08000495   Thumb Code     2  use_no_semi.o(.text)
    __semihosting_library_function           0x08000497   Thumb Code     0  indicate_semi.o(.text)
    ADC_App_GetMotorCurrent_mA               0x08000499   Thumb Code    42  adc.o(i.ADC_App_GetMotorCurrent_mA)
    ADC_App_Start                            0x080004c9   Thumb Code    28  adc.o(i.ADC_App_Start)
    ADC_ConversionStop_Disable               0x080004e9   Thumb Code    92  stm32f1xx_hal_adc.o(i.ADC_ConversionStop_Disable)
    ADC_Enable                               0x08000545   Thumb Code   134  stm32f1xx_hal_adc.o(i.ADC_Enable)
    BusFault_Handler                         0x080005d5   Thumb Code     4  stm32f1xx_it.o(i.BusFault_Handler)
    CAN_App_DrainRxFifo                      0x080005d9   Thumb Code    22  can.o(i.CAN_App_DrainRxFifo)
    CAN_App_FilterInit                       0x080005f5   Thumb Code    74  can.o(i.CAN_App_FilterInit)
    CAN_App_GetRxFifoLevel                   0x08000645   Thumb Code    12  can.o(i.CAN_App_GetRxFifoLevel)
    CAN_App_PollRx                           0x08000655   Thumb Code    72  can.o(i.CAN_App_PollRx)
    CAN_App_SendCmd                          0x080006a5   Thumb Code   188  can.o(i.CAN_App_SendCmd)
    CAN_App_SetRxIrqEnabled                  0x08000769   Thumb Code    26  can.o(i.CAN_App_SetRxIrqEnabled)
    CAN_App_Start                            0x08000789   Thumb Code    30  can.o(i.CAN_App_Start)
    DRV8874_GetEncoderCount                  0x080007ad   Thumb Code     6  drv8874.o(i.DRV8874_GetEncoderCount)
    DRV8874_GetEncoderSpeed_PPS              0x080007b9   Thumb Code     6  drv8874.o(i.DRV8874_GetEncoderSpeed_PPS)
    DRV8874_GetEncoderSpeed_RPM              0x080007c5   Thumb Code    24  drv8874.o(i.DRV8874_GetEncoderSpeed_RPM)
    DRV8874_Init                             0x080007e9   Thumb Code    42  drv8874.o(i.DRV8874_Init)
    DRV8874_OnEncoderTimerTick               0x0800081d   Thumb Code   134  drv8874.o(i.DRV8874_OnEncoderTimerTick)
    DRV8874_ReadCurrent_mA                   0x080008c9   Thumb Code     8  drv8874.o(i.DRV8874_ReadCurrent_mA)
    DRV8874_SetDirection                     0x080008d1   Thumb Code    18  drv8874.o(i.DRV8874_SetDirection)
    DRV8874_SetDuty                          0x080008e9   Thumb Code    18  drv8874.o(i.DRV8874_SetDuty)
    DRV8874_SetSpeed                         0x08000901   Thumb Code    58  drv8874.o(i.DRV8874_SetSpeed)
    DebugMon_Handler                         0x0800093b   Thumb Code     2  stm32f1xx_it.o(i.DebugMon_Handler)
    Emm_V5_En_Control                        0x0800093d   Thumb Code    42  emm_v5.o(i.Emm_V5_En_Control)
    Emm_V5_Read_Sys_Params                   0x0800096d   Thumb Code   284  emm_v5.o(i.Emm_V5_Read_Sys_Params)
    Emm_V5_Reset_Clog_Pro                    0x08000a8d   Thumb Code    32  emm_v5.o(i.Emm_V5_Reset_Clog_Pro)
    Emm_V5_Vel_Control                       0x08000ab1   Thumb Code    60  emm_v5.o(i.Emm_V5_Vel_Control)
    Error_Handler                            0x08000af1   Thumb Code     2  main.o(i.Error_Handler)
    HAL_ADCEx_Calibration_Start              0x08000af5   Thumb Code   278  stm32f1xx_hal_adc_ex.o(i.HAL_ADCEx_Calibration_Start)
    HAL_ADC_ConfigChannel                    0x08000c11   Thumb Code   338  stm32f1xx_hal_adc.o(i.HAL_ADC_ConfigChannel)
    HAL_ADC_GetValue                         0x08000d71   Thumb Code     8  stm32f1xx_hal_adc.o(i.HAL_ADC_GetValue)
    HAL_ADC_Init                             0x08000d79   Thumb Code   314  stm32f1xx_hal_adc.o(i.HAL_ADC_Init)
    HAL_ADC_MspInit                          0x08000ebd   Thumb Code    98  adc.o(i.HAL_ADC_MspInit)
    HAL_ADC_Start                            0x08000f2d   Thumb Code   294  stm32f1xx_hal_adc.o(i.HAL_ADC_Start)
    HAL_CAN_ActivateNotification             0x0800105d   Thumb Code    42  stm32f1xx_hal_can.o(i.HAL_CAN_ActivateNotification)
    HAL_CAN_AddTxMessage                     0x08001087   Thumb Code   330  stm32f1xx_hal_can.o(i.HAL_CAN_AddTxMessage)
    HAL_CAN_ConfigFilter                     0x080011d1   Thumb Code   266  stm32f1xx_hal_can.o(i.HAL_CAN_ConfigFilter)
    HAL_CAN_DeactivateNotification           0x080012db   Thumb Code    42  stm32f1xx_hal_can.o(i.HAL_CAN_DeactivateNotification)
    HAL_CAN_ErrorCallback                    0x08001305   Thumb Code     2  stm32f1xx_hal_can.o(i.HAL_CAN_ErrorCallback)
    HAL_CAN_GetRxFifoFillLevel               0x08001307   Thumb Code    40  stm32f1xx_hal_can.o(i.HAL_CAN_GetRxFifoFillLevel)
    HAL_CAN_GetRxMessage                     0x0800132f   Thumb Code   404  stm32f1xx_hal_can.o(i.HAL_CAN_GetRxMessage)
    HAL_CAN_IRQHandler                       0x080014c3   Thumb Code   590  stm32f1xx_hal_can.o(i.HAL_CAN_IRQHandler)
    HAL_CAN_Init                             0x08001711   Thumb Code   372  stm32f1xx_hal_can.o(i.HAL_CAN_Init)
    HAL_CAN_MspInit                          0x08001885   Thumb Code   138  can.o(i.HAL_CAN_MspInit)
    HAL_CAN_RxFifo0FullCallback              0x0800191d   Thumb Code     2  stm32f1xx_hal_can.o(i.HAL_CAN_RxFifo0FullCallback)
    HAL_CAN_RxFifo0MsgPendingCallback        0x08001921   Thumb Code    56  can.o(i.HAL_CAN_RxFifo0MsgPendingCallback)
    HAL_CAN_RxFifo1FullCallback              0x0800195d   Thumb Code     2  stm32f1xx_hal_can.o(i.HAL_CAN_RxFifo1FullCallback)
    HAL_CAN_RxFifo1MsgPendingCallback        0x0800195f   Thumb Code     2  stm32f1xx_hal_can.o(i.HAL_CAN_RxFifo1MsgPendingCallback)
    HAL_CAN_SleepCallback                    0x08001961   Thumb Code     2  stm32f1xx_hal_can.o(i.HAL_CAN_SleepCallback)
    HAL_CAN_Start                            0x08001963   Thumb Code    94  stm32f1xx_hal_can.o(i.HAL_CAN_Start)
    HAL_CAN_TxMailbox0AbortCallback          0x080019c1   Thumb Code     2  stm32f1xx_hal_can.o(i.HAL_CAN_TxMailbox0AbortCallback)
    HAL_CAN_TxMailbox0CompleteCallback       0x080019c3   Thumb Code     2  stm32f1xx_hal_can.o(i.HAL_CAN_TxMailbox0CompleteCallback)
    HAL_CAN_TxMailbox1AbortCallback          0x080019c5   Thumb Code     2  stm32f1xx_hal_can.o(i.HAL_CAN_TxMailbox1AbortCallback)
    HAL_CAN_TxMailbox1CompleteCallback       0x080019c7   Thumb Code     2  stm32f1xx_hal_can.o(i.HAL_CAN_TxMailbox1CompleteCallback)
    HAL_CAN_TxMailbox2AbortCallback          0x080019c9   Thumb Code     2  stm32f1xx_hal_can.o(i.HAL_CAN_TxMailbox2AbortCallback)
    HAL_CAN_TxMailbox2CompleteCallback       0x080019cb   Thumb Code     2  stm32f1xx_hal_can.o(i.HAL_CAN_TxMailbox2CompleteCallback)
    HAL_CAN_WakeUpFromRxMsgCallback          0x080019cd   Thumb Code     2  stm32f1xx_hal_can.o(i.HAL_CAN_WakeUpFromRxMsgCallback)
    HAL_DMA_Abort                            0x080019cf   Thumb Code    86  stm32f1xx_hal_dma.o(i.HAL_DMA_Abort)
    HAL_DMA_Abort_IT                         0x08001a25   Thumb Code   172  stm32f1xx_hal_dma.o(i.HAL_DMA_Abort_IT)
    HAL_GPIO_DeInit                          0x08001ad5   Thumb Code   284  stm32f1xx_hal_gpio.o(i.HAL_GPIO_DeInit)
    HAL_GPIO_Init                            0x08001c09   Thumb Code   766  stm32f1xx_hal_gpio.o(i.HAL_GPIO_Init)
    HAL_GPIO_ReadPin                         0x08001f29   Thumb Code    16  stm32f1xx_hal_gpio.o(i.HAL_GPIO_ReadPin)
    HAL_GPIO_WritePin                        0x08001f39   Thumb Code    12  stm32f1xx_hal_gpio.o(i.HAL_GPIO_WritePin)
    HAL_GetTick                              0x08001f45   Thumb Code     6  stm32f1xx_hal.o(i.HAL_GetTick)
    HAL_I2C_DeInit                           0x08001f51   Thumb Code    60  stm32f1xx_hal_i2c.o(i.HAL_I2C_DeInit)
    HAL_I2C_Init                             0x08001f8d   Thumb Code   446  stm32f1xx_hal_i2c.o(i.HAL_I2C_Init)
    HAL_I2C_IsDeviceReady                    0x0800215d   Thumb Code   430  stm32f1xx_hal_i2c.o(i.HAL_I2C_IsDeviceReady)
    HAL_I2C_Mem_Read                         0x08002315   Thumb Code   868  stm32f1xx_hal_i2c.o(i.HAL_I2C_Mem_Read)
    HAL_I2C_MspDeInit                        0x08002689   Thumb Code    42  i2c.o(i.HAL_I2C_MspDeInit)
    HAL_I2C_MspInit                          0x080026c1   Thumb Code   104  i2c.o(i.HAL_I2C_MspInit)
    HAL_IncTick                              0x08002735   Thumb Code    16  stm32f1xx_hal.o(i.HAL_IncTick)
    HAL_Init                                 0x0800274d   Thumb Code    34  stm32f1xx_hal.o(i.HAL_Init)
    HAL_InitTick                             0x08002775   Thumb Code   158  stm32f1xx_hal_timebase_tim.o(i.HAL_InitTick)
    HAL_MspInit                              0x08002829   Thumb Code    86  stm32f1xx_hal_msp.o(i.HAL_MspInit)
    HAL_NVIC_EnableIRQ                       0x08002889   Thumb Code    32  stm32f1xx_hal_cortex.o(i.HAL_NVIC_EnableIRQ)
    HAL_NVIC_SetPriority                     0x080028a9   Thumb Code   124  stm32f1xx_hal_cortex.o(i.HAL_NVIC_SetPriority)
    HAL_NVIC_SetPriorityGrouping             0x08002925   Thumb Code    32  stm32f1xx_hal_cortex.o(i.HAL_NVIC_SetPriorityGrouping)
    HAL_RCCEx_GetPeriphCLKFreq               0x0800294d   Thumb Code   232  stm32f1xx_hal_rcc_ex.o(i.HAL_RCCEx_GetPeriphCLKFreq)
    HAL_RCCEx_PeriphCLKConfig                0x08002a49   Thumb Code   290  stm32f1xx_hal_rcc_ex.o(i.HAL_RCCEx_PeriphCLKConfig)
    HAL_RCC_ClockConfig                      0x08002b79   Thumb Code   376  stm32f1xx_hal_rcc.o(i.HAL_RCC_ClockConfig)
    HAL_RCC_GetClockConfig                   0x08002d05   Thumb Code    58  stm32f1xx_hal_rcc.o(i.HAL_RCC_GetClockConfig)
    HAL_RCC_GetHCLKFreq                      0x08002d49   Thumb Code     6  stm32f1xx_hal_rcc.o(i.HAL_RCC_GetHCLKFreq)
    HAL_RCC_GetPCLK1Freq                     0x08002d55   Thumb Code    22  stm32f1xx_hal_rcc.o(i.HAL_RCC_GetPCLK1Freq)
    HAL_RCC_GetPCLK2Freq                     0x08002d75   Thumb Code    22  stm32f1xx_hal_rcc.o(i.HAL_RCC_GetPCLK2Freq)
    HAL_RCC_GetSysClockFreq                  0x08002d95   Thumb Code    92  stm32f1xx_hal_rcc.o(i.HAL_RCC_GetSysClockFreq)
    HAL_RCC_OscConfig                        0x08002e05   Thumb Code  1114  stm32f1xx_hal_rcc.o(i.HAL_RCC_OscConfig)
    HAL_TIMEx_BreakCallback                  0x08003269   Thumb Code     2  stm32f1xx_hal_tim_ex.o(i.HAL_TIMEx_BreakCallback)
    HAL_TIMEx_CommutCallback                 0x0800326b   Thumb Code     2  stm32f1xx_hal_tim_ex.o(i.HAL_TIMEx_CommutCallback)
    HAL_TIMEx_MasterConfigSynchronization    0x0800326d   Thumb Code   118  stm32f1xx_hal_tim_ex.o(i.HAL_TIMEx_MasterConfigSynchronization)
    HAL_TIM_Base_Init                        0x080032f1   Thumb Code   102  stm32f1xx_hal_tim.o(i.HAL_TIM_Base_Init)
    HAL_TIM_Base_MspInit                     0x08003359   Thumb Code   150  tim.o(i.HAL_TIM_Base_MspInit)
    HAL_TIM_Base_Start_IT                    0x080033fd   Thumb Code   106  stm32f1xx_hal_tim.o(i.HAL_TIM_Base_Start_IT)
    HAL_TIM_ConfigClockSource                0x08003475   Thumb Code   268  stm32f1xx_hal_tim.o(i.HAL_TIM_ConfigClockSource)
    HAL_TIM_IC_CaptureCallback               0x08003581   Thumb Code     2  stm32f1xx_hal_tim.o(i.HAL_TIM_IC_CaptureCallback)
    HAL_TIM_IRQHandler                       0x08003583   Thumb Code   364  stm32f1xx_hal_tim.o(i.HAL_TIM_IRQHandler)
    HAL_TIM_MspPostInit                      0x080036f1   Thumb Code    74  tim.o(i.HAL_TIM_MspPostInit)
    HAL_TIM_OC_DelayElapsedCallback          0x08003749   Thumb Code     2  stm32f1xx_hal_tim.o(i.HAL_TIM_OC_DelayElapsedCallback)
    HAL_TIM_PWM_ConfigChannel                0x0800374b   Thumb Code   260  stm32f1xx_hal_tim.o(i.HAL_TIM_PWM_ConfigChannel)
    HAL_TIM_PWM_Init                         0x0800384f   Thumb Code   102  stm32f1xx_hal_tim.o(i.HAL_TIM_PWM_Init)
    HAL_TIM_PWM_MspInit                      0x080038b5   Thumb Code     2  stm32f1xx_hal_tim.o(i.HAL_TIM_PWM_MspInit)
    HAL_TIM_PWM_PulseFinishedCallback        0x080038b7   Thumb Code     2  stm32f1xx_hal_tim.o(i.HAL_TIM_PWM_PulseFinishedCallback)
    HAL_TIM_PWM_Start                        0x080038b9   Thumb Code   198  stm32f1xx_hal_tim.o(i.HAL_TIM_PWM_Start)
    HAL_TIM_PeriodElapsedCallback            0x0800398d   Thumb Code    46  tim.o(i.HAL_TIM_PeriodElapsedCallback)
    HAL_TIM_TriggerCallback                  0x080039c5   Thumb Code     2  stm32f1xx_hal_tim.o(i.HAL_TIM_TriggerCallback)
    HAL_UARTEx_RxEventCallback               0x080039c7   Thumb Code     2  stm32f1xx_hal_uart.o(i.HAL_UARTEx_RxEventCallback)
    HAL_UART_ErrorCallback                   0x080039c9   Thumb Code   196  us100.o(i.HAL_UART_ErrorCallback)
    HAL_UART_IRQHandler                      0x08003a95   Thumb Code   736  stm32f1xx_hal_uart.o(i.HAL_UART_IRQHandler)
    HAL_UART_Init                            0x08003d79   Thumb Code   118  stm32f1xx_hal_uart.o(i.HAL_UART_Init)
    HAL_UART_MspInit                         0x08003df1   Thumb Code   376  usart.o(i.HAL_UART_MspInit)
    HAL_UART_Receive_IT                      0x08003f81   Thumb Code    44  stm32f1xx_hal_uart.o(i.HAL_UART_Receive_IT)
    HAL_UART_RxCpltCallback                  0x08003fad   Thumb Code    38  us100.o(i.HAL_UART_RxCpltCallback)
    HAL_UART_Transmit                        0x08003fd9   Thumb Code   190  stm32f1xx_hal_uart.o(i.HAL_UART_Transmit)
    HAL_UART_Transmit_IT                     0x08004097   Thumb Code    56  stm32f1xx_hal_uart.o(i.HAL_UART_Transmit_IT)
    HAL_UART_TxCpltCallback                  0x080040d1   Thumb Code    24  pickbot_comm.o(i.HAL_UART_TxCpltCallback)
    HardFault_Handler                        0x080040f5   Thumb Code     4  stm32f1xx_it.o(i.HardFault_Handler)
    JY901S_GetYawRad                         0x08004541   Thumb Code     6  jy901s.o(i.JY901S_GetYawRad)
    JY901S_Init                              0x0800454d   Thumb Code    48  jy901s.o(i.JY901S_Init)
    JY901S_IsCalibrated                      0x08004585   Thumb Code    14  jy901s.o(i.JY901S_IsCalibrated)
    JY901S_Read                              0x08004599   Thumb Code   506  jy901s.o(i.JY901S_Read)
    JY901read                                0x080047c1   Thumb Code    14  freertos.o(i.JY901read)
    MX_ADC1_Init                             0x080047d1   Thumb Code    86  adc.o(i.MX_ADC1_Init)
    MX_CAN_Init                              0x08004831   Thumb Code    58  can.o(i.MX_CAN_Init)
    MX_FREERTOS_Init                         0x08004875   Thumb Code   126  freertos.o(i.MX_FREERTOS_Init)
    MX_GPIO_Init                             0x0800490d   Thumb Code   150  gpio.o(i.MX_GPIO_Init)
    MX_I2C1_Init                             0x080049ad   Thumb Code    48  i2c.o(i.MX_I2C1_Init)
    MX_TIM1_Init                             0x080049e9   Thumb Code   102  tim.o(i.MX_TIM1_Init)
    MX_TIM2_Init                             0x08004a59   Thumb Code   100  tim.o(i.MX_TIM2_Init)
    MX_TIM3_Init                             0x08004ac1   Thumb Code   154  tim.o(i.MX_TIM3_Init)
    MX_USART1_UART_Init                      0x08004b65   Thumb Code    46  usart.o(i.MX_USART1_UART_Init)
    MX_USART2_UART_Init                      0x08004b9d   Thumb Code    46  usart.o(i.MX_USART2_UART_Init)
    MX_USART3_UART_Init                      0x08004bd5   Thumb Code    46  usart.o(i.MX_USART3_UART_Init)
    MemManage_Handler                        0x08004c0d   Thumb Code     4  stm32f1xx_it.o(i.MemManage_Handler)
    NMI_Handler                              0x08004c11   Thumb Code     4  stm32f1xx_it.o(i.NMI_Handler)
    PickbotComm_ApplyMotion                  0x08004c15   Thumb Code   182  pickbot_comm.o(i.PickbotComm_ApplyMotion)
    PickbotComm_Init                         0x08004ce1   Thumb Code    40  pickbot_comm.o(i.PickbotComm_Init)
    PickbotComm_OnTim1Tick                   0x08004e51   Thumb Code   138  pickbot_comm.o(i.PickbotComm_OnTim1Tick)
    PickbotComm_OnUartError                  0x08004ee9   Thumb Code    12  pickbot_comm.o(i.PickbotComm_OnUartError)
    PickbotComm_OnUartRxCplt                 0x08004ef5   Thumb Code    12  pickbot_comm.o(i.PickbotComm_OnUartRxCplt)
    Pickbot_Drv8874_SetSpeed                 0x08004f05   Thumb Code     6  pickbot.o(i.Pickbot_Drv8874_SetSpeed)
    Pickbot_GetStatusPtr                     0x08004f11   Thumb Code     4  pickbot.o(i.Pickbot_GetStatusPtr)
    Pickbot_Task_Drv8874                     0x08004f19   Thumb Code    62  pickbot.o(i.Pickbot_Task_Drv8874)
    Pickbot_Task_JY901S                      0x08004f65   Thumb Code   222  pickbot.o(i.Pickbot_Task_JY901S)
    Pickbot_Task_US100                       0x08005051   Thumb Code   184  pickbot.o(i.Pickbot_Task_US100)
    Pickbot_Task_ZDT                         0x08005111   Thumb Code   270  pickbot.o(i.Pickbot_Task_ZDT)
    StartDefaultTask                         0x08005261   Thumb Code    10  freertos.o(i.StartDefaultTask)
    SysTick_Handler                          0x0800526d   Thumb Code    46  port.o(i.SysTick_Handler)
    SystemClock_Config                       0x080052a1   Thumb Code   132  main.o(i.SystemClock_Config)
    SystemInit                               0x08005325   Thumb Code     2  system_stm32f1xx.o(i.SystemInit)
    TIM1_UP_IRQHandler                       0x08005329   Thumb Code    10  stm32f1xx_it.o(i.TIM1_UP_IRQHandler)
    TIM2_IRQHandler                          0x08005339   Thumb Code    10  stm32f1xx_it.o(i.TIM2_IRQHandler)
    TIM4_IRQHandler                          0x08005349   Thumb Code    10  stm32f1xx_it.o(i.TIM4_IRQHandler)
    TIM_Base_SetConfig                       0x08005359   Thumb Code   120  stm32f1xx_hal_tim.o(i.TIM_Base_SetConfig)
    TIM_CCxChannelCmd                        0x080053dd   Thumb Code    34  stm32f1xx_hal_tim.o(i.TIM_CCxChannelCmd)
    TIM_ETR_SetConfig                        0x080053ff   Thumb Code    22  stm32f1xx_hal_tim.o(i.TIM_ETR_SetConfig)
    TIM_OC2_SetConfig                        0x08005489   Thumb Code   100  stm32f1xx_hal_tim.o(i.TIM_OC2_SetConfig)
    UART_Start_Receive_IT                    0x08005889   Thumb Code    64  stm32f1xx_hal_uart.o(i.UART_Start_Receive_IT)
    US100_Init                               0x080059b5   Thumb Code    58  us100.o(i.US100_Init)
    US100_MeasureSensor                      0x080059f9   Thumb Code   144  us100.o(i.US100_MeasureSensor)
    USART1_IRQHandler                        0x08005a8d   Thumb Code    10  stm32f1xx_it.o(i.USART1_IRQHandler)
    USART2_IRQHandler                        0x08005a9d   Thumb Code    10  stm32f1xx_it.o(i.USART2_IRQHandler)
    USART3_IRQHandler                        0x08005aad   Thumb Code    10  stm32f1xx_it.o(i.USART3_IRQHandler)
    USB_LP_CAN1_RX0_IRQHandler               0x08005abd   Thumb Code    20  stm32f1xx_it.o(i.USB_LP_CAN1_RX0_IRQHandler)
    UsageFault_Handler                       0x08005ad9   Thumb Code     4  stm32f1xx_it.o(i.UsageFault_Handler)
    ZDT_Motor_Enable                         0x08005add   Thumb Code    18  zdt_motor.o(i.ZDT_Motor_Enable)
    ZDT_Motor_GetLastResponse                0x08005af1   Thumb Code     4  zdt_motor.o(i.ZDT_Motor_GetLastResponse)
    ZDT_Motor_Init                           0x08005af9   Thumb Code    12  zdt_motor.o(i.ZDT_Motor_Init)
    ZDT_Motor_IsCommandOk                    0x08005b09   Thumb Code    52  zdt_motor.o(i.ZDT_Motor_IsCommandOk)
    ZDT_Motor_OnCanRx                        0x08005b41   Thumb Code    16  zdt_motor.o(i.ZDT_Motor_OnCanRx)
    ZDT_Motor_ParsePosition                  0x08005b51   Thumb Code    62  zdt_motor.o(i.ZDT_Motor_ParsePosition)
    ZDT_Motor_ParseVelocityRpm               0x08005b8f   Thumb Code    48  zdt_motor.o(i.ZDT_Motor_ParseVelocityRpm)
    ZDT_Motor_RawToAngleDeg                  0x08005bc1   Thumb Code    28  zdt_motor.o(i.ZDT_Motor_RawToAngleDeg)
    ZDT_Motor_ReadPosition                   0x08005be5   Thumb Code    50  zdt_motor.o(i.ZDT_Motor_ReadPosition)
    ZDT_Motor_ReadVelocity                   0x08005c17   Thumb Code    50  zdt_motor.o(i.ZDT_Motor_ReadVelocity)
    ZDT_Motor_ResetClogProtection            0x08005c49   Thumb Code    36  zdt_motor.o(i.ZDT_Motor_ResetClogProtection)
    ZDT_Motor_SendRawCmd                     0x08005c6d   Thumb Code    28  zdt_motor.o(i.ZDT_Motor_SendRawCmd)
    ZDT_Motor_SetSpeed                       0x08005c91   Thumb Code    82  zdt_motor.o(i.ZDT_Motor_SetSpeed)
    ZDT_Motor_WaitForFunc                    0x08005ce9   Thumb Code   100  zdt_motor.o(i.ZDT_Motor_WaitForFunc)
    ZDT_Motor_WaitResponseForAddr            0x08005d51   Thumb Code    74  zdt_motor.o(i.ZDT_Motor_WaitResponseForAddr)
    ZTDCONTROL                               0x08005da5   Thumb Code    14  freertos.o(i.ZTDCONTROL)
    ZdtOdometry_GetPose                      0x08005db5   Thumb Code    10  zdt_odometry.o(i.ZdtOdometry_GetPose)
    ZdtOdometry_Init                         0x08005dc5   Thumb Code     8  zdt_odometry.o(i.ZdtOdometry_Init)
    ZdtOdometry_Reset                        0x08005dcd   Thumb Code    28  zdt_odometry.o(i.ZdtOdometry_Reset)
    ZdtOdometry_Seed                         0x08005dfd   Thumb Code    16  zdt_odometry.o(i.ZdtOdometry_Seed)
    ZdtOdometry_Update                       0x08005e19   Thumb Code    24  zdt_odometry.o(i.ZdtOdometry_Update)
    ZdtOdometry_UpdateWithYaw                0x08005e31   Thumb Code   348  zdt_odometry.o(i.ZdtOdometry_UpdateWithYaw)
    __ARM_fpclassifyf                        0x08005fa5   Thumb Code    38  fpclassifyf.o(i.__ARM_fpclassifyf)
    __mathlib_flt_infnan                     0x08006005   Thumb Code     6  funder.o(i.__mathlib_flt_infnan)
    __mathlib_flt_infnan2                    0x0800600b   Thumb Code     4  funder.o(i.__mathlib_flt_infnan2)
    __mathlib_flt_invalid                    0x0800600f   Thumb Code     8  funder.o(i.__mathlib_flt_invalid)
    __mathlib_flt_underflow                  0x08006017   Thumb Code    10  funder.o(i.__mathlib_flt_underflow)
    __mathlib_rredf2                         0x08006021   Thumb Code   344  rredf.o(i.__mathlib_rredf2)
    atan2f                                   0x08006189   Thumb Code   528  atan2f.o(i.atan2f)
    chaosheng                                0x080063e5   Thumb Code    14  freertos.o(i.chaosheng)
    cosf                                     0x080063f5   Thumb Code   328  cosf.o(i.cosf)
    drv8874control                           0x08006625   Thumb Code    14  freertos.o(i.drv8874control)
    main                                     0x08006afd   Thumb Code    72  main.o(i.main)
    osDelay                                  0x08006b53   Thumb Code    24  cmsis_os.o(i.osDelay)
    osKernelStart                            0x08006b6b   Thumb Code    10  cmsis_os.o(i.osKernelStart)
    osThreadCreate                           0x08006b75   Thumb Code    94  cmsis_os.o(i.osThreadCreate)
    pvPortMalloc                             0x080076b5   Thumb Code   306  heap_4.o(i.pvPortMalloc)
    pxPortInitialiseStack                    0x08007801   Thumb Code    30  port.o(i.pxPortInitialiseStack)
    sinf                                     0x08007825   Thumb Code   338  sinf.o(i.sinf)
    sqrtf                                    0x080079ad   Thumb Code    44  sqrtf.o(i.sqrtf)
    uxListRemove                             0x08007af5   Thumb Code    40  list.o(i.uxListRemove)
    vApplicationGetIdleTaskMemory            0x08007b1d   Thumb Code    14  freertos.o(i.vApplicationGetIdleTaskMemory)
    vApplicationStackOverflowHook            0x08007b35   Thumb Code     2  freertos.o(i.vApplicationStackOverflowHook)
    vListInitialise                          0x08007b37   Thumb Code    26  list.o(i.vListInitialise)
    vListInitialiseItem                      0x08007b51   Thumb Code     6  list.o(i.vListInitialiseItem)
    vListInsert                              0x08007b57   Thumb Code    52  list.o(i.vListInsert)
    vListInsertEnd                           0x08007b8b   Thumb Code    24  list.o(i.vListInsertEnd)
    vPortEnterCritical                       0x08007ba5   Thumb Code    76  port.o(i.vPortEnterCritical)
    vPortExitCritical                        0x08007bf9   Thumb Code    56  port.o(i.vPortExitCritical)
    vPortFree                                0x08007c35   Thumb Code   150  heap_4.o(i.vPortFree)
    vPortSetupTimerInterrupt                 0x08007cd9   Thumb Code    36  port.o(i.vPortSetupTimerInterrupt)
    vTaskDelay                               0x08007d01   Thumb Code    82  tasks.o(i.vTaskDelay)
    vTaskStartScheduler                      0x08007d5d   Thumb Code   146  tasks.o(i.vTaskStartScheduler)
    vTaskSuspendAll                          0x08007e0d   Thumb Code    12  tasks.o(i.vTaskSuspendAll)
    vTaskSwitchContext                       0x08007e1d   Thumb Code   148  tasks.o(i.vTaskSwitchContext)
    xPortStartScheduler                      0x08007ec5   Thumb Code   228  port.o(i.xPortStartScheduler)
    xTaskCreate                              0x08007fbd   Thumb Code   100  tasks.o(i.xTaskCreate)
    xTaskCreateStatic                        0x08008021   Thumb Code   186  tasks.o(i.xTaskCreateStatic)
    xTaskIncrementTick                       0x080080dd   Thumb Code   282  tasks.o(i.xTaskIncrementTick)
    xTaskResumeAll                           0x08008225   Thumb Code   224  tasks.o(i.xTaskResumeAll)
    __aeabi_fadd                             0x080084c1   Thumb Code     0  faddsub_clz.o(x$fpl$fadd)
    _fadd                                    0x080084c1   Thumb Code   196  faddsub_clz.o(x$fpl$fadd)
    __fpl_fcheck_NaN1                        0x08008585   Thumb Code     6  fcheck1.o(x$fpl$fcheck1)
    __fpl_fcmp_Inf                           0x08008591   Thumb Code    24  fcmpi.o(x$fpl$fcmpinf)
    __aeabi_fdiv                             0x080085a9   Thumb Code     0  fdiv.o(x$fpl$fdiv)
    _fdiv                                    0x080085a9   Thumb Code   384  fdiv.o(x$fpl$fdiv)
    __aeabi_f2iz                             0x0800872d   Thumb Code     0  ffix.o(x$fpl$ffix)
    _ffix                                    0x0800872d   Thumb Code    54  ffix.o(x$fpl$ffix)
    __aeabi_i2f                              0x08008765   Thumb Code     0  fflt_clz.o(x$fpl$fflt)
    _fflt                                    0x08008765   Thumb Code    48  fflt_clz.o(x$fpl$fflt)
    __aeabi_ui2f                             0x08008795   Thumb Code     0  fflt_clz.o(x$fpl$ffltu)
    _ffltu                                   0x08008795   Thumb Code    38  fflt_clz.o(x$fpl$ffltu)
    __aeabi_cfcmple                          0x080087bd   Thumb Code     0  fleqf.o(x$fpl$fleqf)
    _fcmple                                  0x080087bd   Thumb Code   104  fleqf.o(x$fpl$fleqf)
    __fpl_fcmple_InfNaN                      0x0800880f   Thumb Code     0  fleqf.o(x$fpl$fleqf)
    __aeabi_fmul                             0x08008825   Thumb Code     0  fmul.o(x$fpl$fmul)
    _fmul                                    0x08008825   Thumb Code   258  fmul.o(x$fpl$fmul)
    __fpl_fnaninf                            0x08008927   Thumb Code   140  fnaninf.o(x$fpl$fnaninf)
    __fpl_fretinf                            0x080089b3   Thumb Code    10  fretinf.o(x$fpl$fretinf)
    __aeabi_cfrcmple                         0x080089bd   Thumb Code     0  frleqf.o(x$fpl$frleqf)
    _frcmple                                 0x080089bd   Thumb Code    98  frleqf.o(x$fpl$frleqf)
    _frnd                                    0x08008a21   Thumb Code    96  frnd.o(x$fpl$frnd)
    __aeabi_frsub                            0x08008a81   Thumb Code     0  faddsub_clz.o(x$fpl$frsb)
    _frsb                                    0x08008a81   Thumb Code    20  faddsub_clz.o(x$fpl$frsb)
    _fsqrt                                   0x08008a95   Thumb Code   272  fsqrt.o(x$fpl$fsqrt)
    __aeabi_fsub                             0x08008ba5   Thumb Code     0  faddsub_clz.o(x$fpl$fsub)
    _fsub                                    0x08008ba5   Thumb Code   234  faddsub_clz.o(x$fpl$fsub)
    __fpl_return_NaN                         0x08008c8f   Thumb Code   100  retnan.o(x$fpl$retnan)
    __ARM_scalbnf                            0x08008cf3   Thumb Code    76  scalbnf.o(x$fpl$scalbnf)
    __fpl_cmpreturn                          0x08008d3f   Thumb Code    48  trapv.o(x$fpl$trapveneer)
    __I$use$fp                               0x08008d6e   Number         0  usenofp.o(x$fpl$usenofp)
    AHBPrescTable                            0x08008e30   Data          16  system_stm32f1xx.o(.constdata)
    APBPrescTable                            0x08008e40   Data           8  system_stm32f1xx.o(.constdata)
    Region$$Table$$Base                      0x08008ea0   Number         0  anon$$obj.o(Region$$Table)
    Region$$Table$$Limit                     0x08008ec0   Number         0  anon$$obj.o(Region$$Table)
    defaultTaskHandle                        0x20000000   Data           4  freertos.o(.data)
    chaoshengduquHandle                      0x20000004   Data           4  freertos.o(.data)
    ZTDcontrolHandle                         0x20000008   Data           4  freertos.o(.data)
    drv8874Handle                            0x2000000c   Data           4  freertos.o(.data)
    JYtaskHandle                             0x20000010   Data           4  freertos.o(.data)
    vel                                      0x20000014   Data           2  stm32f1xx_it.o(.data)
    velright                                 0x20000016   Data           2  stm32f1xx_it.o(.data)
    s_zdt_inited                             0x20000018   Data           1  pickbot.o(.data)
    s_drv_inited                             0x20000019   Data           1  pickbot.o(.data)
    speed                                    0x2000001a   Data           2  pickbot.o(.data)
    speed1                                   0x2000001c   Data           2  pickbot.o(.data)
    ZDT_MOTOR_DEFAULT_ACC                    0x2000002a   Data           2  zdt_motor.o(.data)
    DRV8874_PID_KP                           0x20000068   Data           4  drv8874.o(.data)
    DRV8874_PID_KI                           0x2000006c   Data           4  drv8874.o(.data)
    DRV8874_PID_KD                           0x20000070   Data           4  drv8874.o(.data)
    g_us100_byte_count                       0x20000090   Data           8  us100.o(.data)
    g_us100_frame_count                      0x20000098   Data           8  us100.o(.data)
    g_us100_err_count                        0x200000a0   Data           8  us100.o(.data)
    g_us100_trig_count                       0x200000a8   Data           8  us100.o(.data)
    s_nav_active                             0x200000e9   Data           1  pickbot_comm.o(.data)
    s_nav_target_x_m                         0x200000ec   Data           4  pickbot_comm.o(.data)
    s_nav_target_y_m                         0x200000f0   Data           4  pickbot_comm.o(.data)
    s_nav_drive_speed_mps                    0x200000f4   Data           4  pickbot_comm.o(.data)
    uwTick                                   0x200000fc   Data           4  stm32f1xx_hal.o(.data)
    uwTickPrio                               0x20000100   Data           4  stm32f1xx_hal.o(.data)
    uwTickFreq                               0x20000104   Data           1  stm32f1xx_hal.o(.data)
    SystemCoreClock                          0x20000108   Data           4  system_stm32f1xx.o(.data)
    pxCurrentTCB                             0x2000010c   Data           4  tasks.o(.data)
    hadc1                                    0x200003c8   Data          48  adc.o(.bss)
    g_can_app                                0x200003f8   Data          60  can.o(.bss)
    hcan                                     0x20000434   Data          40  can.o(.bss)
    hi2c1                                    0x2000045c   Data          84  i2c.o(.bss)
    htim1                                    0x200004b0   Data          72  tim.o(.bss)
    htim2                                    0x200004f8   Data          72  tim.o(.bss)
    htim3                                    0x20000540   Data          72  tim.o(.bss)
    huart1                                   0x20000588   Data          72  usart.o(.bss)
    huart2                                   0x200005d0   Data          72  usart.o(.bss)
    huart3                                   0x20000618   Data          72  usart.o(.bss)
    htim4                                    0x20000660   Data          72  stm32f1xx_hal_timebase_tim.o(.bss)
    s_status                                 0x200006a8   Data         184  pickbot.o(.bss)
    MMCL_cmd                                 0x20000760   Data        1024  emm_v5.o(.bss)
    s_cmd                                    0x200010d0   Data          36  pickbot_comm.o(.bss)
    __libspace_start                         0x20003200   Data          96  libspace.o(.bss)
    __temporary_stack_top$libspace           0x20003260   Data           0  libspace.o(.bss)



==============================================================================

Memory Map of the image

  Image Entry point : 0x080000ed

  Load Region LR_IROM1 (Base: 0x08000000, Size: 0x00009034, Max: 0x00010000, ABSOLUTE, COMPRESSED[0x00008ee8])

    Execution Region ER_IROM1 (Exec base: 0x08000000, Load base: 0x08000000, Size: 0x00008ec0, Max: 0x00010000, ABSOLUTE)

    Exec Addr    Load Addr    Size         Type   Attr      Idx    E Section Name        Object

    0x08000000   0x08000000   0x000000ec   Data   RO            3    RESET               startup_stm32f103xb.o
    0x080000ec   0x080000ec   0x00000008   Code   RO         7043  * !!!main             c_w.l(__main.o)
    0x080000f4   0x080000f4   0x00000034   Code   RO         7309    !!!scatter          c_w.l(__scatter.o)
    0x08000128   0x08000128   0x0000003a   Code   RO         7307    !!dczerorl          c_w.l(__dczerorl.o)
    0x08000162   0x08000162   0x00000002   PAD
    0x08000164   0x08000164   0x0000001c   Code   RO         7311    !!handler_zi        c_w.l(__scatter_zi.o)
    0x08000180   0x08000180   0x00000002   Code   RO         7174    .ARM.Collect$$libinit$$00000000  c_w.l(libinit.o)
    0x08000182   0x08000182   0x00000000   Code   RO         7180    .ARM.Collect$$libinit$$00000002  c_w.l(libinit2.o)
    0x08000182   0x08000182   0x00000000   Code   RO         7182    .ARM.Collect$$libinit$$00000004  c_w.l(libinit2.o)
    0x08000182   0x08000182   0x00000000   Code   RO         7185    .ARM.Collect$$libinit$$0000000A  c_w.l(libinit2.o)
    0x08000182   0x08000182   0x00000000   Code   RO         7187    .ARM.Collect$$libinit$$0000000C  c_w.l(libinit2.o)
    0x08000182   0x08000182   0x00000000   Code   RO         7189    .ARM.Collect$$libinit$$0000000E  c_w.l(libinit2.o)
    0x08000182   0x08000182   0x00000000   Code   RO         7192    .ARM.Collect$$libinit$$00000011  c_w.l(libinit2.o)
    0x08000182   0x08000182   0x00000000   Code   RO         7194    .ARM.Collect$$libinit$$00000013  c_w.l(libinit2.o)
    0x08000182   0x08000182   0x00000000   Code   RO         7196    .ARM.Collect$$libinit$$00000015  c_w.l(libinit2.o)
    0x08000182   0x08000182   0x00000000   Code   RO         7198    .ARM.Collect$$libinit$$00000017  c_w.l(libinit2.o)
    0x08000182   0x08000182   0x00000000   Code   RO         7200    .ARM.Collect$$libinit$$00000019  c_w.l(libinit2.o)
    0x08000182   0x08000182   0x00000000   Code   RO         7202    .ARM.Collect$$libinit$$0000001B  c_w.l(libinit2.o)
    0x08000182   0x08000182   0x00000000   Code   RO         7204    .ARM.Collect$$libinit$$0000001D  c_w.l(libinit2.o)
    0x08000182   0x08000182   0x00000000   Code   RO         7206    .ARM.Collect$$libinit$$0000001F  c_w.l(libinit2.o)
    0x08000182   0x08000182   0x00000000   Code   RO         7208    .ARM.Collect$$libinit$$00000021  c_w.l(libinit2.o)
    0x08000182   0x08000182   0x00000000   Code   RO         7210    .ARM.Collect$$libinit$$00000023  c_w.l(libinit2.o)
    0x08000182   0x08000182   0x00000000   Code   RO         7212    .ARM.Collect$$libinit$$00000025  c_w.l(libinit2.o)
    0x08000182   0x08000182   0x00000000   Code   RO         7216    .ARM.Collect$$libinit$$0000002C  c_w.l(libinit2.o)
    0x08000182   0x08000182   0x00000000   Code   RO         7218    .ARM.Collect$$libinit$$0000002E  c_w.l(libinit2.o)
    0x08000182   0x08000182   0x00000000   Code   RO         7220    .ARM.Collect$$libinit$$00000030  c_w.l(libinit2.o)
    0x08000182   0x08000182   0x00000000   Code   RO         7222    .ARM.Collect$$libinit$$00000032  c_w.l(libinit2.o)
    0x08000182   0x08000182   0x00000002   Code   RO         7223    .ARM.Collect$$libinit$$00000033  c_w.l(libinit2.o)
    0x08000184   0x08000184   0x00000002   Code   RO         7247    .ARM.Collect$$libshutdown$$00000000  c_w.l(libshutdown.o)
    0x08000186   0x08000186   0x00000000   Code   RO         7260    .ARM.Collect$$libshutdown$$00000002  c_w.l(libshutdown2.o)
    0x08000186   0x08000186   0x00000000   Code   RO         7262    .ARM.Collect$$libshutdown$$00000004  c_w.l(libshutdown2.o)
    0x08000186   0x08000186   0x00000000   Code   RO         7265    .ARM.Collect$$libshutdown$$00000007  c_w.l(libshutdown2.o)
    0x08000186   0x08000186   0x00000000   Code   RO         7268    .ARM.Collect$$libshutdown$$0000000A  c_w.l(libshutdown2.o)
    0x08000186   0x08000186   0x00000000   Code   RO         7270    .ARM.Collect$$libshutdown$$0000000C  c_w.l(libshutdown2.o)
    0x08000186   0x08000186   0x00000000   Code   RO         7273    .ARM.Collect$$libshutdown$$0000000F  c_w.l(libshutdown2.o)
    0x08000186   0x08000186   0x00000002   Code   RO         7274    .ARM.Collect$$libshutdown$$00000010  c_w.l(libshutdown2.o)
    0x08000188   0x08000188   0x00000000   Code   RO         7107    .ARM.Collect$$rtentry$$00000000  c_w.l(__rtentry.o)
    0x08000188   0x08000188   0x00000000   Code   RO         7141    .ARM.Collect$$rtentry$$00000002  c_w.l(__rtentry2.o)
    0x08000188   0x08000188   0x00000006   Code   RO         7153    .ARM.Collect$$rtentry$$00000004  c_w.l(__rtentry4.o)
    0x0800018e   0x0800018e   0x00000000   Code   RO         7143    .ARM.Collect$$rtentry$$00000009  c_w.l(__rtentry2.o)
    0x0800018e   0x0800018e   0x00000004   Code   RO         7144    .ARM.Collect$$rtentry$$0000000A  c_w.l(__rtentry2.o)
    0x08000192   0x08000192   0x00000000   Code   RO         7146    .ARM.Collect$$rtentry$$0000000C  c_w.l(__rtentry2.o)
    0x08000192   0x08000192   0x00000008   Code   RO         7147    .ARM.Collect$$rtentry$$0000000D  c_w.l(__rtentry2.o)
    0x0800019a   0x0800019a   0x00000002   Code   RO         7177    .ARM.Collect$$rtexit$$00000000  c_w.l(rtexit.o)
    0x0800019c   0x0800019c   0x00000000   Code   RO         7227    .ARM.Collect$$rtexit$$00000002  c_w.l(rtexit2.o)
    0x0800019c   0x0800019c   0x00000004   Code   RO         7228    .ARM.Collect$$rtexit$$00000003  c_w.l(rtexit2.o)
    0x080001a0   0x080001a0   0x00000006   Code   RO         7229    .ARM.Collect$$rtexit$$00000004  c_w.l(rtexit2.o)
    0x080001a6   0x080001a6   0x00000002   PAD
    0x080001a8   0x080001a8   0x00000096   Code   RO         6950    .emb_text           port.o
    0x0800023e   0x0800023e   0x00000002   PAD
    0x08000240   0x08000240   0x00000040   Code   RO            4    .text               startup_stm32f103xb.o
    0x08000280   0x08000280   0x0000008a   Code   RO         7031    .text               c_w.l(rt_memcpy_v6.o)
    0x0800030a   0x0800030a   0x00000064   Code   RO         7033    .text               c_w.l(rt_memcpy_w.o)
    0x0800036e   0x0800036e   0x00000044   Code   RO         7037    .text               c_w.l(rt_memclr.o)
    0x080003b2   0x080003b2   0x0000004e   Code   RO         7039    .text               c_w.l(rt_memclr_w.o)
    0x08000400   0x08000400   0x00000006   Code   RO         7041    .text               c_w.l(heapauxi.o)
    0x08000406   0x08000406   0x00000016   Code   RO         7108    .text               c_w.l(_rserrno.o)
    0x0800041c   0x0800041c   0x00000008   Code   RO         7158    .text               c_w.l(rt_errno_addr_intlibspace.o)
    0x08000424   0x08000424   0x00000008   Code   RO         7162    .text               c_w.l(libspace.o)
    0x0800042c   0x0800042c   0x0000004a   Code   RO         7165    .text               c_w.l(sys_stackheap_outer.o)
    0x08000476   0x08000476   0x00000012   Code   RO         7167    .text               c_w.l(exit.o)
    0x08000488   0x08000488   0x0000000c   Code   RO         7239    .text               c_w.l(sys_exit.o)
    0x08000494   0x08000494   0x00000002   Code   RO         7250    .text               c_w.l(use_no_semi.o)
    0x08000496   0x08000496   0x00000000   Code   RO         7252    .text               c_w.l(indicate_semi.o)
    0x08000496   0x08000496   0x00000002   PAD
    0x08000498   0x08000498   0x00000030   Code   RO          324    i.ADC_App_GetMotorCurrent_mA  adc.o
    0x080004c8   0x080004c8   0x00000020   Code   RO          326    i.ADC_App_Start     adc.o
    0x080004e8   0x080004e8   0x0000005c   Code   RO         3307    i.ADC_ConversionStop_Disable  stm32f1xx_hal_adc.o
    0x08000544   0x08000544   0x00000090   Code   RO         3311    i.ADC_Enable        stm32f1xx_hal_adc.o
    0x080005d4   0x080005d4   0x00000004   Code   RO          642    i.BusFault_Handler  stm32f1xx_it.o
    0x080005d8   0x080005d8   0x0000001c   Code   RO          384    i.CAN_App_DrainRxFifo  can.o
    0x080005f4   0x080005f4   0x00000050   Code   RO          385    i.CAN_App_FilterInit  can.o
    0x08000644   0x08000644   0x00000010   Code   RO          386    i.CAN_App_GetRxFifoLevel  can.o
    0x08000654   0x08000654   0x00000050   Code   RO          387    i.CAN_App_PollRx    can.o
    0x080006a4   0x080006a4   0x000000c4   Code   RO          388    i.CAN_App_SendCmd   can.o
    0x08000768   0x08000768   0x00000020   Code   RO          389    i.CAN_App_SetRxIrqEnabled  can.o
    0x08000788   0x08000788   0x00000024   Code   RO          390    i.CAN_App_Start     can.o
    0x080007ac   0x080007ac   0x0000000c   Code   RO         1704    i.DRV8874_GetEncoderCount  drv8874.o
    0x080007b8   0x080007b8   0x0000000c   Code   RO         1707    i.DRV8874_GetEncoderSpeed_PPS  drv8874.o
    0x080007c4   0x080007c4   0x00000024   Code   RO         1708    i.DRV8874_GetEncoderSpeed_RPM  drv8874.o
    0x080007e8   0x080007e8   0x00000034   Code   RO         1711    i.DRV8874_Init      drv8874.o
    0x0800081c   0x0800081c   0x000000ac   Code   RO         1712    i.DRV8874_OnEncoderTimerTick  drv8874.o
    0x080008c8   0x080008c8   0x00000008   Code   RO         1714    i.DRV8874_ReadCurrent_mA  drv8874.o
    0x080008d0   0x080008d0   0x00000018   Code   RO         1716    i.DRV8874_SetDirection  drv8874.o
    0x080008e8   0x080008e8   0x00000018   Code   RO         1717    i.DRV8874_SetDuty   drv8874.o
    0x08000900   0x08000900   0x0000003a   Code   RO         1718    i.DRV8874_SetSpeed  drv8874.o
    0x0800093a   0x0800093a   0x00000002   Code   RO          643    i.DebugMon_Handler  stm32f1xx_it.o
    0x0800093c   0x0800093c   0x00000030   Code   RO         1008    i.Emm_V5_En_Control  emm_v5.o
    0x0800096c   0x0800096c   0x00000120   Code   RO         1060    i.Emm_V5_Read_Sys_Params  emm_v5.o
    0x08000a8c   0x08000a8c   0x00000024   Code   RO         1062    i.Emm_V5_Reset_Clog_Pro  emm_v5.o
    0x08000ab0   0x08000ab0   0x00000040   Code   RO         1070    i.Emm_V5_Vel_Control  emm_v5.o
    0x08000af0   0x08000af0   0x00000002   Code   RO           13    i.Error_Handler     main.o
    0x08000af2   0x08000af2   0x00000002   PAD
    0x08000af4   0x08000af4   0x0000011c   Code   RO         3487    i.HAL_ADCEx_Calibration_Start  stm32f1xx_hal_adc_ex.o
    0x08000c10   0x08000c10   0x00000160   Code   RO         3313    i.HAL_ADC_ConfigChannel  stm32f1xx_hal_adc.o
    0x08000d70   0x08000d70   0x00000008   Code   RO         3320    i.HAL_ADC_GetValue  stm32f1xx_hal_adc.o
    0x08000d78   0x08000d78   0x00000144   Code   RO         3322    i.HAL_ADC_Init      stm32f1xx_hal_adc.o
    0x08000ebc   0x08000ebc   0x00000070   Code   RO          328    i.HAL_ADC_MspInit   adc.o
    0x08000f2c   0x08000f2c   0x00000130   Code   RO         3328    i.HAL_ADC_Start     stm32f1xx_hal_adc.o
    0x0800105c   0x0800105c   0x0000002a   Code   RO         4592    i.HAL_CAN_ActivateNotification  stm32f1xx_hal_can.o
    0x08001086   0x08001086   0x0000014a   Code   RO         4593    i.HAL_CAN_AddTxMessage  stm32f1xx_hal_can.o
    0x080011d0   0x080011d0   0x0000010a   Code   RO         4594    i.HAL_CAN_ConfigFilter  stm32f1xx_hal_can.o
    0x080012da   0x080012da   0x0000002a   Code   RO         4596    i.HAL_CAN_DeactivateNotification  stm32f1xx_hal_can.o
    0x08001304   0x08001304   0x00000002   Code   RO         4597    i.HAL_CAN_ErrorCallback  stm32f1xx_hal_can.o
    0x08001306   0x08001306   0x00000028   Code   RO         4599    i.HAL_CAN_GetRxFifoFillLevel  stm32f1xx_hal_can.o
    0x0800132e   0x0800132e   0x00000194   Code   RO         4600    i.HAL_CAN_GetRxMessage  stm32f1xx_hal_can.o
    0x080014c2   0x080014c2   0x0000024e   Code   RO         4604    i.HAL_CAN_IRQHandler  stm32f1xx_hal_can.o
    0x08001710   0x08001710   0x00000174   Code   RO         4605    i.HAL_CAN_Init      stm32f1xx_hal_can.o
    0x08001884   0x08001884   0x00000098   Code   RO          392    i.HAL_CAN_MspInit   can.o
    0x0800191c   0x0800191c   0x00000002   Code   RO         4612    i.HAL_CAN_RxFifo0FullCallback  stm32f1xx_hal_can.o
    0x0800191e   0x0800191e   0x00000002   PAD
    0x08001920   0x08001920   0x0000003c   Code   RO          393    i.HAL_CAN_RxFifo0MsgPendingCallback  can.o
    0x0800195c   0x0800195c   0x00000002   Code   RO         4614    i.HAL_CAN_RxFifo1FullCallback  stm32f1xx_hal_can.o
    0x0800195e   0x0800195e   0x00000002   Code   RO         4615    i.HAL_CAN_RxFifo1MsgPendingCallback  stm32f1xx_hal_can.o
    0x08001960   0x08001960   0x00000002   Code   RO         4616    i.HAL_CAN_SleepCallback  stm32f1xx_hal_can.o
    0x08001962   0x08001962   0x0000005e   Code   RO         4617    i.HAL_CAN_Start     stm32f1xx_hal_can.o
    0x080019c0   0x080019c0   0x00000002   Code   RO         4619    i.HAL_CAN_TxMailbox0AbortCallback  stm32f1xx_hal_can.o
    0x080019c2   0x080019c2   0x00000002   Code   RO         4620    i.HAL_CAN_TxMailbox0CompleteCallback  stm32f1xx_hal_can.o
    0x080019c4   0x080019c4   0x00000002   Code   RO         4621    i.HAL_CAN_TxMailbox1AbortCallback  stm32f1xx_hal_can.o
    0x080019c6   0x080019c6   0x00000002   Code   RO         4622    i.HAL_CAN_TxMailbox1CompleteCallback  stm32f1xx_hal_can.o
    0x080019c8   0x080019c8   0x00000002   Code   RO         4623    i.HAL_CAN_TxMailbox2AbortCallback  stm32f1xx_hal_can.o
    0x080019ca   0x080019ca   0x00000002   Code   RO         4624    i.HAL_CAN_TxMailbox2CompleteCallback  stm32f1xx_hal_can.o
    0x080019cc   0x080019cc   0x00000002   Code   RO         4626    i.HAL_CAN_WakeUpFromRxMsgCallback  stm32f1xx_hal_can.o
    0x080019ce   0x080019ce   0x00000056   Code   RO         3969    i.HAL_DMA_Abort     stm32f1xx_hal_dma.o
    0x08001a24   0x08001a24   0x000000b0   Code   RO         3970    i.HAL_DMA_Abort_IT  stm32f1xx_hal_dma.o
    0x08001ad4   0x08001ad4   0x00000134   Code   RO         3902    i.HAL_GPIO_DeInit   stm32f1xx_hal_gpio.o
    0x08001c08   0x08001c08   0x00000320   Code   RO         3905    i.HAL_GPIO_Init     stm32f1xx_hal_gpio.o
    0x08001f28   0x08001f28   0x00000010   Code   RO         3907    i.HAL_GPIO_ReadPin  stm32f1xx_hal_gpio.o
    0x08001f38   0x08001f38   0x0000000c   Code   RO         3909    i.HAL_GPIO_WritePin  stm32f1xx_hal_gpio.o
    0x08001f44   0x08001f44   0x0000000c   Code   RO         3594    i.HAL_GetTick       stm32f1xx_hal.o
    0x08001f50   0x08001f50   0x0000003c   Code   RO         4827    i.HAL_I2C_DeInit    stm32f1xx_hal_i2c.o
    0x08001f8c   0x08001f8c   0x000001d0   Code   RO         4836    i.HAL_I2C_Init      stm32f1xx_hal_i2c.o
    0x0800215c   0x0800215c   0x000001b8   Code   RO         4837    i.HAL_I2C_IsDeviceReady  stm32f1xx_hal_i2c.o
    0x08002314   0x08002314   0x00000374   Code   RO         4854    i.HAL_I2C_Mem_Read  stm32f1xx_hal_i2c.o
    0x08002688   0x08002688   0x00000038   Code   RO          474    i.HAL_I2C_MspDeInit  i2c.o
    0x080026c0   0x080026c0   0x00000074   Code   RO          475    i.HAL_I2C_MspInit   i2c.o
    0x08002734   0x08002734   0x00000018   Code   RO         3600    i.HAL_IncTick       stm32f1xx_hal.o
    0x0800274c   0x0800274c   0x00000028   Code   RO         3601    i.HAL_Init          stm32f1xx_hal.o
    0x08002774   0x08002774   0x000000b4   Code   RO          769    i.HAL_InitTick      stm32f1xx_hal_timebase_tim.o
    0x08002828   0x08002828   0x00000060   Code   RO          745    i.HAL_MspInit       stm32f1xx_hal_msp.o
    0x08002888   0x08002888   0x00000020   Code   RO         4065    i.HAL_NVIC_EnableIRQ  stm32f1xx_hal_cortex.o
    0x080028a8   0x080028a8   0x0000007c   Code   RO         4071    i.HAL_NVIC_SetPriority  stm32f1xx_hal_cortex.o
    0x08002924   0x08002924   0x00000028   Code   RO         4072    i.HAL_NVIC_SetPriorityGrouping  stm32f1xx_hal_cortex.o
    0x0800294c   0x0800294c   0x000000fc   Code   RO         3866    i.HAL_RCCEx_GetPeriphCLKFreq  stm32f1xx_hal_rcc_ex.o
    0x08002a48   0x08002a48   0x00000130   Code   RO         3867    i.HAL_RCCEx_PeriphCLKConfig  stm32f1xx_hal_rcc_ex.o
    0x08002b78   0x08002b78   0x0000018c   Code   RO         3758    i.HAL_RCC_ClockConfig  stm32f1xx_hal_rcc.o
    0x08002d04   0x08002d04   0x00000044   Code   RO         3762    i.HAL_RCC_GetClockConfig  stm32f1xx_hal_rcc.o
    0x08002d48   0x08002d48   0x0000000c   Code   RO         3763    i.HAL_RCC_GetHCLKFreq  stm32f1xx_hal_rcc.o
    0x08002d54   0x08002d54   0x00000020   Code   RO         3765    i.HAL_RCC_GetPCLK1Freq  stm32f1xx_hal_rcc.o
    0x08002d74   0x08002d74   0x00000020   Code   RO         3766    i.HAL_RCC_GetPCLK2Freq  stm32f1xx_hal_rcc.o
    0x08002d94   0x08002d94   0x00000070   Code   RO         3767    i.HAL_RCC_GetSysClockFreq  stm32f1xx_hal_rcc.o
    0x08002e04   0x08002e04   0x00000464   Code   RO         3770    i.HAL_RCC_OscConfig  stm32f1xx_hal_rcc.o
    0x08003268   0x08003268   0x00000002   Code   RO         3040    i.HAL_TIMEx_BreakCallback  stm32f1xx_hal_tim_ex.o
    0x0800326a   0x0800326a   0x00000002   Code   RO         3041    i.HAL_TIMEx_CommutCallback  stm32f1xx_hal_tim_ex.o
    0x0800326c   0x0800326c   0x00000084   Code   RO         3059    i.HAL_TIMEx_MasterConfigSynchronization  stm32f1xx_hal_tim_ex.o
    0x080032f0   0x080032f0   0x00000066   Code   RO         2325    i.HAL_TIM_Base_Init  stm32f1xx_hal_tim.o
    0x08003356   0x08003356   0x00000002   PAD
    0x08003358   0x08003358   0x000000a4   Code   RO          517    i.HAL_TIM_Base_MspInit  tim.o
    0x080033fc   0x080033fc   0x00000078   Code   RO         2330    i.HAL_TIM_Base_Start_IT  stm32f1xx_hal_tim.o
    0x08003474   0x08003474   0x0000010c   Code   RO         2334    i.HAL_TIM_ConfigClockSource  stm32f1xx_hal_tim.o
    0x08003580   0x08003580   0x00000002   Code   RO         2359    i.HAL_TIM_IC_CaptureCallback  stm32f1xx_hal_tim.o
    0x08003582   0x08003582   0x0000016c   Code   RO         2373    i.HAL_TIM_IRQHandler  stm32f1xx_hal_tim.o
    0x080036ee   0x080036ee   0x00000002   PAD
    0x080036f0   0x080036f0   0x00000058   Code   RO          518    i.HAL_TIM_MspPostInit  tim.o
    0x08003748   0x08003748   0x00000002   Code   RO         2376    i.HAL_TIM_OC_DelayElapsedCallback  stm32f1xx_hal_tim.o
    0x0800374a   0x0800374a   0x00000104   Code   RO         2397    i.HAL_TIM_PWM_ConfigChannel  stm32f1xx_hal_tim.o
    0x0800384e   0x0800384e   0x00000066   Code   RO         2400    i.HAL_TIM_PWM_Init  stm32f1xx_hal_tim.o
    0x080038b4   0x080038b4   0x00000002   Code   RO         2402    i.HAL_TIM_PWM_MspInit  stm32f1xx_hal_tim.o
    0x080038b6   0x080038b6   0x00000002   Code   RO         2403    i.HAL_TIM_PWM_PulseFinishedCallback  stm32f1xx_hal_tim.o
    0x080038b8   0x080038b8   0x000000d4   Code   RO         2405    i.HAL_TIM_PWM_Start  stm32f1xx_hal_tim.o
    0x0800398c   0x0800398c   0x00000038   Code   RO          519    i.HAL_TIM_PeriodElapsedCallback  tim.o
    0x080039c4   0x080039c4   0x00000002   Code   RO         2416    i.HAL_TIM_TriggerCallback  stm32f1xx_hal_tim.o
    0x080039c6   0x080039c6   0x00000002   Code   RO         5314    i.HAL_UARTEx_RxEventCallback  stm32f1xx_hal_uart.o
    0x080039c8   0x080039c8   0x000000cc   Code   RO         1880    i.HAL_UART_ErrorCallback  us100.o
    0x08003a94   0x08003a94   0x000002e4   Code   RO         5331    i.HAL_UART_IRQHandler  stm32f1xx_hal_uart.o
    0x08003d78   0x08003d78   0x00000076   Code   RO         5332    i.HAL_UART_Init     stm32f1xx_hal_uart.o
    0x08003dee   0x08003dee   0x00000002   PAD
    0x08003df0   0x08003df0   0x00000190   Code   RO          589    i.HAL_UART_MspInit  usart.o
    0x08003f80   0x08003f80   0x0000002c   Code   RO         5337    i.HAL_UART_Receive_IT  stm32f1xx_hal_uart.o
    0x08003fac   0x08003fac   0x0000002c   Code   RO         1881    i.HAL_UART_RxCpltCallback  us100.o
    0x08003fd8   0x08003fd8   0x000000be   Code   RO         5340    i.HAL_UART_Transmit  stm32f1xx_hal_uart.o
    0x08004096   0x08004096   0x00000038   Code   RO         5342    i.HAL_UART_Transmit_IT  stm32f1xx_hal_uart.o
    0x080040ce   0x080040ce   0x00000002   PAD
    0x080040d0   0x080040d0   0x00000024   Code   RO         2113    i.HAL_UART_TxCpltCallback  pickbot_comm.o
    0x080040f4   0x080040f4   0x00000004   Code   RO          644    i.HardFault_Handler  stm32f1xx_it.o
    0x080040f8   0x080040f8   0x0000003e   Code   RO         4880    i.I2C_IsAcknowledgeFailed  stm32f1xx_hal_i2c.o
    0x08004136   0x08004136   0x00000002   PAD
    0x08004138   0x08004138   0x00000160   Code   RO         4891    i.I2C_RequestMemoryRead  stm32f1xx_hal_i2c.o
    0x08004298   0x08004298   0x000000be   Code   RO         4901    i.I2C_WaitOnFlagUntilTimeout  stm32f1xx_hal_i2c.o
    0x08004356   0x08004356   0x000000fa   Code   RO         4902    i.I2C_WaitOnMasterAddressFlagUntilTimeout  stm32f1xx_hal_i2c.o
    0x08004450   0x08004450   0x0000008a   Code   RO         4903    i.I2C_WaitOnRXNEFlagUntilTimeout  stm32f1xx_hal_i2c.o
    0x080044da   0x080044da   0x00000066   Code   RO         4906    i.I2C_WaitOnTXEFlagUntilTimeout  stm32f1xx_hal_i2c.o
    0x08004540   0x08004540   0x0000000c   Code   RO         1976    i.JY901S_GetYawRad  jy901s.o
    0x0800454c   0x0800454c   0x00000038   Code   RO         1977    i.JY901S_Init       jy901s.o
    0x08004584   0x08004584   0x00000014   Code   RO         1978    i.JY901S_IsCalibrated  jy901s.o
    0x08004598   0x08004598   0x00000228   Code   RO         1979    i.JY901S_Read       jy901s.o
    0x080047c0   0x080047c0   0x0000000e   Code   RO          241    i.JY901read         freertos.o
    0x080047ce   0x080047ce   0x00000002   PAD
    0x080047d0   0x080047d0   0x00000060   Code   RO          329    i.MX_ADC1_Init      adc.o
    0x08004830   0x08004830   0x00000044   Code   RO          394    i.MX_CAN_Init       can.o
    0x08004874   0x08004874   0x00000098   Code   RO          242    i.MX_FREERTOS_Init  freertos.o
    0x0800490c   0x0800490c   0x000000a0   Code   RO          217    i.MX_GPIO_Init      gpio.o
    0x080049ac   0x080049ac   0x0000003c   Code   RO          476    i.MX_I2C1_Init      i2c.o
    0x080049e8   0x080049e8   0x00000070   Code   RO          520    i.MX_TIM1_Init      tim.o
    0x08004a58   0x08004a58   0x00000068   Code   RO          521    i.MX_TIM2_Init      tim.o
    0x08004ac0   0x08004ac0   0x000000a4   Code   RO          522    i.MX_TIM3_Init      tim.o
    0x08004b64   0x08004b64   0x00000038   Code   RO          590    i.MX_USART1_UART_Init  usart.o
    0x08004b9c   0x08004b9c   0x00000038   Code   RO          591    i.MX_USART2_UART_Init  usart.o
    0x08004bd4   0x08004bd4   0x00000038   Code   RO          592    i.MX_USART3_UART_Init  usart.o
    0x08004c0c   0x08004c0c   0x00000004   Code   RO          645    i.MemManage_Handler  stm32f1xx_it.o
    0x08004c10   0x08004c10   0x00000004   Code   RO          646    i.NMI_Handler       stm32f1xx_it.o
    0x08004c14   0x08004c14   0x000000cc   Code   RO         2114    i.PickbotComm_ApplyMotion  pickbot_comm.o
    0x08004ce0   0x08004ce0   0x0000003c   Code   RO         2119    i.PickbotComm_Init  pickbot_comm.o
    0x08004d1c   0x08004d1c   0x00000134   Code   RO         2121    i.PickbotComm_OnRxByte  pickbot_comm.o
    0x08004e50   0x08004e50   0x00000098   Code   RO         2122    i.PickbotComm_OnTim1Tick  pickbot_comm.o
    0x08004ee8   0x08004ee8   0x0000000c   Code   RO         2123    i.PickbotComm_OnUartError  pickbot_comm.o
    0x08004ef4   0x08004ef4   0x00000010   Code   RO         2124    i.PickbotComm_OnUartRxCplt  pickbot_comm.o
    0x08004f04   0x08004f04   0x0000000c   Code   RO          808    i.Pickbot_Drv8874_SetSpeed  pickbot.o
    0x08004f10   0x08004f10   0x00000008   Code   RO          811    i.Pickbot_GetStatusPtr  pickbot.o
    0x08004f18   0x08004f18   0x0000004c   Code   RO          813    i.Pickbot_Task_Drv8874  pickbot.o
    0x08004f64   0x08004f64   0x000000ec   Code   RO          814    i.Pickbot_Task_JY901S  pickbot.o
    0x08005050   0x08005050   0x000000c0   Code   RO          815    i.Pickbot_Task_US100  pickbot.o
    0x08005110   0x08005110   0x00000128   Code   RO          816    i.Pickbot_Task_ZDT  pickbot.o
    0x08005238   0x08005238   0x00000028   Code   RO         3771    i.RCC_Delay         stm32f1xx_hal_rcc.o
    0x08005260   0x08005260   0x0000000a   Code   RO          243    i.StartDefaultTask  freertos.o
    0x0800526a   0x0800526a   0x00000002   PAD
    0x0800526c   0x0800526c   0x00000034   Code   RO         6951    i.SysTick_Handler   port.o
    0x080052a0   0x080052a0   0x00000084   Code   RO           14    i.SystemClock_Config  main.o
    0x08005324   0x08005324   0x00000002   Code   RO         5676    i.SystemInit        system_stm32f1xx.o
    0x08005326   0x08005326   0x00000002   PAD
    0x08005328   0x08005328   0x00000010   Code   RO          647    i.TIM1_UP_IRQHandler  stm32f1xx_it.o
    0x08005338   0x08005338   0x00000010   Code   RO          648    i.TIM2_IRQHandler   stm32f1xx_it.o
    0x08005348   0x08005348   0x00000010   Code   RO          649    i.TIM4_IRQHandler   stm32f1xx_it.o
    0x08005358   0x08005358   0x00000084   Code   RO         2418    i.TIM_Base_SetConfig  stm32f1xx_hal_tim.o
    0x080053dc   0x080053dc   0x00000022   Code   RO         2419    i.TIM_CCxChannelCmd  stm32f1xx_hal_tim.o
    0x080053fe   0x080053fe   0x00000016   Code   RO         2429    i.TIM_ETR_SetConfig  stm32f1xx_hal_tim.o
    0x08005414   0x08005414   0x00000012   Code   RO         2430    i.TIM_ITRx_SetConfig  stm32f1xx_hal_tim.o
    0x08005426   0x08005426   0x00000002   PAD
    0x08005428   0x08005428   0x00000060   Code   RO         2431    i.TIM_OC1_SetConfig  stm32f1xx_hal_tim.o
    0x08005488   0x08005488   0x00000068   Code   RO         2432    i.TIM_OC2_SetConfig  stm32f1xx_hal_tim.o
    0x080054f0   0x080054f0   0x00000068   Code   RO         2433    i.TIM_OC3_SetConfig  stm32f1xx_hal_tim.o
    0x08005558   0x08005558   0x00000048   Code   RO         2434    i.TIM_OC4_SetConfig  stm32f1xx_hal_tim.o
    0x080055a0   0x080055a0   0x00000026   Code   RO         2436    i.TIM_TI1_ConfigInputStage  stm32f1xx_hal_tim.o
    0x080055c6   0x080055c6   0x00000028   Code   RO         2438    i.TIM_TI2_ConfigInputStage  stm32f1xx_hal_tim.o
    0x080055ee   0x080055ee   0x00000014   Code   RO         5345    i.UART_DMAAbortOnError  stm32f1xx_hal_uart.o
    0x08005602   0x08005602   0x0000006c   Code   RO         5355    i.UART_EndRxTransfer  stm32f1xx_hal_uart.o
    0x0800566e   0x0800566e   0x00000020   Code   RO         5356    i.UART_EndTransmit_IT  stm32f1xx_hal_uart.o
    0x0800568e   0x0800568e   0x000000fc   Code   RO         5358    i.UART_Receive_IT   stm32f1xx_hal_uart.o
    0x0800578a   0x0800578a   0x00000002   PAD
    0x0800578c   0x0800578c   0x000000fc   Code   RO         5359    i.UART_SetConfig    stm32f1xx_hal_uart.o
    0x08005888   0x08005888   0x00000040   Code   RO         5361    i.UART_Start_Receive_IT  stm32f1xx_hal_uart.o
    0x080058c8   0x080058c8   0x00000060   Code   RO         5362    i.UART_Transmit_IT  stm32f1xx_hal_uart.o
    0x08005928   0x08005928   0x0000008c   Code   RO         5363    i.UART_WaitOnFlagUntilTimeout  stm32f1xx_hal_uart.o
    0x080059b4   0x080059b4   0x00000044   Code   RO         1882    i.US100_Init        us100.o
    0x080059f8   0x080059f8   0x00000094   Code   RO         1884    i.US100_MeasureSensor  us100.o
    0x08005a8c   0x08005a8c   0x00000010   Code   RO          650    i.USART1_IRQHandler  stm32f1xx_it.o
    0x08005a9c   0x08005a9c   0x00000010   Code   RO          651    i.USART2_IRQHandler  stm32f1xx_it.o
    0x08005aac   0x08005aac   0x00000010   Code   RO          652    i.USART3_IRQHandler  stm32f1xx_it.o
    0x08005abc   0x08005abc   0x0000001c   Code   RO          653    i.USB_LP_CAN1_RX0_IRQHandler  stm32f1xx_it.o
    0x08005ad8   0x08005ad8   0x00000004   Code   RO          654    i.UsageFault_Handler  stm32f1xx_it.o
    0x08005adc   0x08005adc   0x00000012   Code   RO         1440    i.ZDT_Motor_Enable  zdt_motor.o
    0x08005aee   0x08005aee   0x00000002   PAD
    0x08005af0   0x08005af0   0x00000008   Code   RO         1441    i.ZDT_Motor_GetLastResponse  zdt_motor.o
    0x08005af8   0x08005af8   0x00000010   Code   RO         1442    i.ZDT_Motor_Init    zdt_motor.o
    0x08005b08   0x08005b08   0x00000038   Code   RO         1443    i.ZDT_Motor_IsCommandOk  zdt_motor.o
    0x08005b40   0x08005b40   0x00000010   Code   RO         1445    i.ZDT_Motor_OnCanRx  zdt_motor.o
    0x08005b50   0x08005b50   0x0000003e   Code   RO         1446    i.ZDT_Motor_ParsePosition  zdt_motor.o
    0x08005b8e   0x08005b8e   0x00000030   Code   RO         1448    i.ZDT_Motor_ParseVelocityRpm  zdt_motor.o
    0x08005bbe   0x08005bbe   0x00000002   PAD
    0x08005bc0   0x08005bc0   0x00000024   Code   RO         1449    i.ZDT_Motor_RawToAngleDeg  zdt_motor.o
    0x08005be4   0x08005be4   0x00000032   Code   RO         1450    i.ZDT_Motor_ReadPosition  zdt_motor.o
    0x08005c16   0x08005c16   0x00000032   Code   RO         1452    i.ZDT_Motor_ReadVelocity  zdt_motor.o
    0x08005c48   0x08005c48   0x00000024   Code   RO         1453    i.ZDT_Motor_ResetClogProtection  zdt_motor.o
    0x08005c6c   0x08005c6c   0x00000024   Code   RO         1456    i.ZDT_Motor_SendRawCmd  zdt_motor.o
    0x08005c90   0x08005c90   0x00000058   Code   RO         1457    i.ZDT_Motor_SetSpeed  zdt_motor.o
    0x08005ce8   0x08005ce8   0x00000068   Code   RO         1459    i.ZDT_Motor_WaitForFunc  zdt_motor.o
    0x08005d50   0x08005d50   0x00000054   Code   RO         1461    i.ZDT_Motor_WaitResponseForAddr  zdt_motor.o
    0x08005da4   0x08005da4   0x0000000e   Code   RO          244    i.ZTDCONTROL        freertos.o
    0x08005db2   0x08005db2   0x00000002   PAD
    0x08005db4   0x08005db4   0x00000010   Code   RO         1627    i.ZdtOdometry_GetPose  zdt_odometry.o
    0x08005dc4   0x08005dc4   0x00000008   Code   RO         1628    i.ZdtOdometry_Init  zdt_odometry.o
    0x08005dcc   0x08005dcc   0x00000030   Code   RO         1629    i.ZdtOdometry_Reset  zdt_odometry.o
    0x08005dfc   0x08005dfc   0x0000001c   Code   RO         1631    i.ZdtOdometry_Seed  zdt_odometry.o
    0x08005e18   0x08005e18   0x00000018   Code   RO         1632    i.ZdtOdometry_Update  zdt_odometry.o
    0x08005e30   0x08005e30   0x00000174   Code   RO         1633    i.ZdtOdometry_UpdateWithYaw  zdt_odometry.o
    0x08005fa4   0x08005fa4   0x00000026   Code   RO         7121    i.__ARM_fpclassifyf  m_ws.l(fpclassifyf.o)
    0x08005fca   0x08005fca   0x00000002   PAD
    0x08005fcc   0x08005fcc   0x00000010   Code   RO         4078    i.__NVIC_GetPriorityGrouping  stm32f1xx_hal_cortex.o
    0x08005fdc   0x08005fdc   0x00000028   Code   RO         4079    i.__NVIC_SetPriority  stm32f1xx_hal_cortex.o
    0x08006004   0x08006004   0x00000006   Code   RO         7124    i.__mathlib_flt_infnan  m_ws.l(funder.o)
    0x0800600a   0x0800600a   0x00000004   Code   RO         7125    i.__mathlib_flt_infnan2  m_ws.l(funder.o)
    0x0800600e   0x0800600e   0x00000008   Code   RO         7126    i.__mathlib_flt_invalid  m_ws.l(funder.o)
    0x08006016   0x08006016   0x0000000a   Code   RO         7129    i.__mathlib_flt_underflow  m_ws.l(funder.o)
    0x08006020   0x08006020   0x00000168   Code   RO         7137    i.__mathlib_rredf2  m_ws.l(rredf.o)
    0x08006188   0x08006188   0x0000025c   Code   RO         7076    i.atan2f            m_ws.l(atan2f.o)
    0x080063e4   0x080063e4   0x0000000e   Code   RO          245    i.chaosheng         freertos.o
    0x080063f2   0x080063f2   0x00000002   PAD
    0x080063f4   0x080063f4   0x0000017c   Code   RO         7084    i.cosf              m_ws.l(cosf.o)
    0x08006570   0x08006570   0x00000038   Code   RO         1725    i.drv8874_encoder_init  drv8874.o
    0x080065a8   0x080065a8   0x00000010   Code   RO         1726    i.drv8874_encoder_quadrature_step  drv8874.o
    0x080065b8   0x080065b8   0x00000034   Code   RO         1727    i.drv8874_encoder_read_ab  drv8874.o
    0x080065ec   0x080065ec   0x0000001c   Code   RO         1729    i.drv8874_speed_pid_reset  drv8874.o
    0x08006608   0x08006608   0x0000001c   Code   RO         1730    i.drv8874_speed_window_reset  drv8874.o
    0x08006624   0x08006624   0x0000000e   Code   RO          246    i.drv8874control    freertos.o
    0x08006632   0x08006632   0x00000002   PAD
    0x08006634   0x08006634   0x0000009c   Code   RO         1981    i.jy901s_apply_fusion_correction  jy901s.o
    0x080066d0   0x080066d0   0x00000168   Code   RO         1982    i.jy901s_calibrate_offsets  jy901s.o
    0x08006838   0x08006838   0x0000002c   Code   RO         1983    i.jy901s_fill_yaw_compare  jy901s.o
    0x08006864   0x08006864   0x00000030   Code   RO         1984    i.jy901s_fusion_trust_weight  jy901s.o
    0x08006894   0x08006894   0x0000000e   Code   RO         1986    i.jy901s_i16_le     jy901s.o
    0x080068a2   0x080068a2   0x00000002   PAD
    0x080068a4   0x080068a4   0x00000030   Code   RO         1987    i.jy901s_i2c_read_buf  jy901s.o
    0x080068d4   0x080068d4   0x00000014   Code   RO         1988    i.jy901s_i2c_recover  jy901s.o
    0x080068e8   0x080068e8   0x00000024   Code   RO         1989    i.jy901s_raw_to_deg  jy901s.o
    0x0800690c   0x0800690c   0x00000094   Code   RO         1990    i.jy901s_read_angles_gz  jy901s.o
    0x080069a0   0x080069a0   0x00000028   Code   RO         1991    i.jy901s_reset_gyro_yaw  jy901s.o
    0x080069c8   0x080069c8   0x00000016   Code   RO         1992    i.jy901s_sub_deg    jy901s.o
    0x080069de   0x080069de   0x00000002   PAD
    0x080069e0   0x080069e0   0x000000dc   Code   RO         1993    i.jy901s_update_gyro_yaw  jy901s.o
    0x08006abc   0x08006abc   0x00000040   Code   RO         1994    i.jy901s_wrap_deg   jy901s.o
    0x08006afc   0x08006afc   0x00000048   Code   RO           15    i.main              main.o
    0x08006b44   0x08006b44   0x0000000e   Code   RO         6516    i.makeFreeRtosPriority  cmsis_os.o
    0x08006b52   0x08006b52   0x00000018   Code   RO         6518    i.osDelay           cmsis_os.o
    0x08006b6a   0x08006b6a   0x0000000a   Code   RO         6521    i.osKernelStart     cmsis_os.o
    0x08006b74   0x08006b74   0x0000005e   Code   RO         6555    i.osThreadCreate    cmsis_os.o
    0x08006bd2   0x08006bd2   0x00000002   PAD
    0x08006bd4   0x08006bd4   0x00000100   Code   RO         2125    i.pickbot_comm_apply_goto_cmd  pickbot_comm.o
    0x08006cd4   0x08006cd4   0x00000046   Code   RO         2126    i.pickbot_comm_apply_velocity_cmd  pickbot_comm.o
    0x08006d1a   0x08006d1a   0x00000002   PAD
    0x08006d1c   0x08006d1c   0x00000064   Code   RO         2127    i.pickbot_comm_build_telemetry  pickbot_comm.o
    0x08006d80   0x08006d80   0x00000020   Code   RO         2128    i.pickbot_comm_bytes_to_float  pickbot_comm.o
    0x08006da0   0x08006da0   0x0000002c   Code   RO         2129    i.pickbot_comm_clamp_drv8874  pickbot_comm.o
    0x08006dcc   0x08006dcc   0x00000044   Code   RO         2130    i.pickbot_comm_crc16  pickbot_comm.o
    0x08006e10   0x08006e10   0x0000002c   Code   RO         2131    i.pickbot_comm_emergency_stop  pickbot_comm.o
    0x08006e3c   0x08006e3c   0x0000001e   Code   RO         2132    i.pickbot_comm_float_to_bytes  pickbot_comm.o
    0x08006e5a   0x08006e5a   0x00000002   PAD
    0x08006e5c   0x08006e5c   0x00000028   Code   RO         2133    i.pickbot_comm_link_ok  pickbot_comm.o
    0x08006e84   0x08006e84   0x00000064   Code   RO         2134    i.pickbot_comm_mps_to_rpm  pickbot_comm.o
    0x08006ee8   0x08006ee8   0x00000014   Code   RO         2135    i.pickbot_comm_rx_reset  pickbot_comm.o
    0x08006efc   0x08006efc   0x00000054   Code   RO         2136    i.pickbot_comm_set_wheel_speed_mps  pickbot_comm.o
    0x08006f50   0x08006f50   0x00000020   Code   RO         2137    i.pickbot_comm_sign_from_dir  pickbot_comm.o
    0x08006f70   0x08006f70   0x0000001c   Code   RO         2138    i.pickbot_comm_start_rx_it  pickbot_comm.o
    0x08006f8c   0x08006f8c   0x00000084   Code   RO         2139    i.pickbot_comm_store_cmd  pickbot_comm.o
    0x08007010   0x08007010   0x00000040   Code   RO         2140    i.pickbot_comm_wrap_pi  pickbot_comm.o
    0x08007050   0x08007050   0x00000008   Code   RO          824    i.pickbot_wheel_left  pickbot.o
    0x08007058   0x08007058   0x00000008   Code   RO          825    i.pickbot_wheel_right  pickbot.o
    0x08007060   0x08007060   0x00000010   Code   RO          826    i.pickbot_zdt_body_rpm  pickbot.o
    0x08007070   0x08007070   0x0000006c   Code   RO          827    i.pickbot_zdt_enable_all  pickbot.o
    0x080070dc   0x080070dc   0x00000010   Code   RO          828    i.pickbot_zdt_init_wheel  pickbot.o
    0x080070ec   0x080070ec   0x0000001c   Code   RO          829    i.pickbot_zdt_init_wheels  pickbot.o
    0x08007108   0x08007108   0x00000010   Code   RO          830    i.pickbot_zdt_motor_rpm  pickbot.o
    0x08007118   0x08007118   0x0000005c   Code   RO          831    i.pickbot_zdt_poll_wheels  pickbot.o
    0x08007174   0x08007174   0x00000052   Code   RO          832    i.pickbot_zdt_read_wheel  pickbot.o
    0x080071c6   0x080071c6   0x0000002e   Code   RO          833    i.pickbot_zdt_seed_wheel  pickbot.o
    0x080071f4   0x080071f4   0x00000040   Code   RO          834    i.pickbot_zdt_send_speed  pickbot.o
    0x08007234   0x08007234   0x00000098   Code   RO         6187    i.prvAddCurrentTaskToDelayedList  tasks.o
    0x080072cc   0x080072cc   0x000000b4   Code   RO         6188    i.prvAddNewTaskToReadyList  tasks.o
    0x08007380   0x08007380   0x00000048   Code   RO         6189    i.prvCheckTasksWaitingTermination  tasks.o
    0x080073c8   0x080073c8   0x00000050   Code   RO         6190    i.prvDeleteTCB      tasks.o
    0x08007418   0x08007418   0x0000007c   Code   RO         6883    i.prvHeapInit       heap_4.o
    0x08007494   0x08007494   0x00000028   Code   RO         6191    i.prvIdleTask       tasks.o
    0x080074bc   0x080074bc   0x000000b4   Code   RO         6192    i.prvInitialiseNewTask  tasks.o
    0x08007570   0x08007570   0x00000068   Code   RO         6193    i.prvInitialiseTaskLists  tasks.o
    0x080075d8   0x080075d8   0x00000068   Code   RO         6884    i.prvInsertBlockIntoFreeList  heap_4.o
    0x08007640   0x08007640   0x00000034   Code   RO         6194    i.prvResetNextTaskUnblockTime  tasks.o
    0x08007674   0x08007674   0x00000040   Code   RO         6952    i.prvTaskExitError  port.o
    0x080076b4   0x080076b4   0x0000014c   Code   RO         6885    i.pvPortMalloc      heap_4.o
    0x08007800   0x08007800   0x00000024   Code   RO         6953    i.pxPortInitialiseStack  port.o
    0x08007824   0x08007824   0x00000188   Code   RO         7092    i.sinf              m_ws.l(sinf.o)
    0x080079ac   0x080079ac   0x0000002c   Code   RO         7100    i.sqrtf             m_ws.l(sqrtf.o)
    0x080079d8   0x080079d8   0x0000002c   Code   RO         1886    i.us100_chan_from_huart  us100.o
    0x08007a04   0x08007a04   0x0000001c   Code   RO         1887    i.us100_chan_from_index  us100.o
    0x08007a20   0x08007a20   0x00000014   Code   RO         1888    i.us100_chan_index  us100.o
    0x08007a34   0x08007a34   0x00000064   Code   RO         1889    i.us100_on_rx_byte  us100.o
    0x08007a98   0x08007a98   0x0000000c   Code   RO         1890    i.us100_reset_frame  us100.o
    0x08007aa4   0x08007aa4   0x00000028   Code   RO         1891    i.us100_start_rx_it  us100.o
    0x08007acc   0x08007acc   0x00000028   Code   RO         1892    i.us100_wait_frame  us100.o
    0x08007af4   0x08007af4   0x00000028   Code   RO         5813    i.uxListRemove      list.o
    0x08007b1c   0x08007b1c   0x00000018   Code   RO          247    i.vApplicationGetIdleTaskMemory  freertos.o
    0x08007b34   0x08007b34   0x00000002   Code   RO          248    i.vApplicationStackOverflowHook  freertos.o
    0x08007b36   0x08007b36   0x0000001a   Code   RO         5814    i.vListInitialise   list.o
    0x08007b50   0x08007b50   0x00000006   Code   RO         5815    i.vListInitialiseItem  list.o
    0x08007b56   0x08007b56   0x00000034   Code   RO         5816    i.vListInsert       list.o
    0x08007b8a   0x08007b8a   0x00000018   Code   RO         5817    i.vListInsertEnd    list.o
    0x08007ba2   0x08007ba2   0x00000002   PAD
    0x08007ba4   0x08007ba4   0x00000054   Code   RO         6955    i.vPortEnterCritical  port.o
    0x08007bf8   0x08007bf8   0x0000003c   Code   RO         6956    i.vPortExitCritical  port.o
    0x08007c34   0x08007c34   0x000000a4   Code   RO         6886    i.vPortFree         heap_4.o
    0x08007cd8   0x08007cd8   0x00000028   Code   RO         6957    i.vPortSetupTimerInterrupt  port.o
    0x08007d00   0x08007d00   0x0000005c   Code   RO         6203    i.vTaskDelay        tasks.o
    0x08007d5c   0x08007d5c   0x000000b0   Code   RO         6216    i.vTaskStartScheduler  tasks.o
    0x08007e0c   0x08007e0c   0x00000010   Code   RO         6218    i.vTaskSuspendAll   tasks.o
    0x08007e1c   0x08007e1c   0x000000a8   Code   RO         6219    i.vTaskSwitchContext  tasks.o
    0x08007ec4   0x08007ec4   0x000000f8   Code   RO         6959    i.xPortStartScheduler  port.o
    0x08007fbc   0x08007fbc   0x00000064   Code   RO         6222    i.xTaskCreate       tasks.o
    0x08008020   0x08008020   0x000000ba   Code   RO         6223    i.xTaskCreateStatic  tasks.o
    0x080080da   0x080080da   0x00000002   PAD
    0x080080dc   0x080080dc   0x00000148   Code   RO         6230    i.xTaskIncrementTick  tasks.o
    0x08008224   0x08008224   0x00000104   Code   RO         6236    i.xTaskResumeAll    tasks.o
    0x08008328   0x08008328   0x00000050   Code   RO         1462    i.zdt_is_read_response_ok  zdt_motor.o
    0x08008378   0x08008378   0x0000001c   Code   RO         1463    i.zdt_motor_can_rx_begin  zdt_motor.o
    0x08008394   0x08008394   0x0000001c   Code   RO         1464    i.zdt_motor_can_rx_end  zdt_motor.o
    0x080083b0   0x080083b0   0x0000001e   Code   RO         1465    i.zdt_motor_wait_cmd_ok  zdt_motor.o
    0x080083ce   0x080083ce   0x00000002   PAD
    0x080083d0   0x080083d0   0x00000034   Code   RO         1634    i.zdt_raw_delta_to_m  zdt_odometry.o
    0x08008404   0x08008404   0x00000024   Code   RO         1466    i.zdt_response_matches  zdt_motor.o
    0x08008428   0x08008428   0x00000058   Code   RO         1467    i.zdt_store_response  zdt_motor.o
    0x08008480   0x08008480   0x00000040   Code   RO         1635    i.zdt_wrap_pi       zdt_odometry.o
    0x080084c0   0x080084c0   0x000000c4   Code   RO         7045    x$fpl$fadd          fz_ws.l(faddsub_clz.o)
    0x08008584   0x08008584   0x0000000c   Code   RO         7175    x$fpl$fcheck1       fz_ws.l(fcheck1.o)
    0x08008590   0x08008590   0x00000018   Code   RO         7110    x$fpl$fcmpinf       fz_ws.l(fcmpi.o)
    0x080085a8   0x080085a8   0x00000184   Code   RO         7052    x$fpl$fdiv          fz_ws.l(fdiv.o)
    0x0800872c   0x0800872c   0x00000036   Code   RO         7055    x$fpl$ffix          fz_ws.l(ffix.o)
    0x08008762   0x08008762   0x00000002   PAD
    0x08008764   0x08008764   0x00000030   Code   RO         7064    x$fpl$fflt          fz_ws.l(fflt_clz.o)
    0x08008794   0x08008794   0x00000026   Code   RO         7063    x$fpl$ffltu         fz_ws.l(fflt_clz.o)
    0x080087ba   0x080087ba   0x00000002   PAD
    0x080087bc   0x080087bc   0x00000068   Code   RO         7069    x$fpl$fleqf         fz_ws.l(fleqf.o)
    0x08008824   0x08008824   0x00000102   Code   RO         7071    x$fpl$fmul          fz_ws.l(fmul.o)
    0x08008926   0x08008926   0x0000008c   Code   RO         7112    x$fpl$fnaninf       fz_ws.l(fnaninf.o)
    0x080089b2   0x080089b2   0x0000000a   Code   RO         7114    x$fpl$fretinf       fz_ws.l(fretinf.o)
    0x080089bc   0x080089bc   0x00000062   Code   RO         7073    x$fpl$frleqf        fz_ws.l(frleqf.o)
    0x08008a1e   0x08008a1e   0x00000002   PAD
    0x08008a20   0x08008a20   0x00000060   Code   RO         7116    x$fpl$frnd          fz_ws.l(frnd.o)
    0x08008a80   0x08008a80   0x00000014   Code   RO         7046    x$fpl$frsb          fz_ws.l(faddsub_clz.o)
    0x08008a94   0x08008a94   0x00000110   Code   RO         7118    x$fpl$fsqrt         fz_ws.l(fsqrt.o)
    0x08008ba4   0x08008ba4   0x000000ea   Code   RO         7047    x$fpl$fsub          fz_ws.l(faddsub_clz.o)
    0x08008c8e   0x08008c8e   0x00000064   Code   RO         7224    x$fpl$retnan        fz_ws.l(retnan.o)
    0x08008cf2   0x08008cf2   0x0000004c   Code   RO         7160    x$fpl$scalbnf       fz_ws.l(scalbnf.o)
    0x08008d3e   0x08008d3e   0x00000030   Code   RO         7237    x$fpl$trapveneer    fz_ws.l(trapv.o)
    0x08008d6e   0x08008d6e   0x00000000   Code   RO         7120    x$fpl$usenofp       fz_ws.l(usenofp.o)
    0x08008d6e   0x08008d6e   0x00000002   PAD
    0x08008d70   0x08008d70   0x0000008c   Data   RO          250    .constdata          freertos.o
    0x08008dfc   0x08008dfc   0x00000010   Data   RO         1731    .constdata          drv8874.o
    0x08008e0c   0x08008e0c   0x00000012   Data   RO         3772    .constdata          stm32f1xx_hal_rcc.o
    0x08008e1e   0x08008e1e   0x00000012   Data   RO         3868    .constdata          stm32f1xx_hal_rcc_ex.o
    0x08008e30   0x08008e30   0x00000018   Data   RO         5677    .constdata          system_stm32f1xx.o
    0x08008e48   0x08008e48   0x00000020   Data   RO         7138    .constdata          m_ws.l(rredf.o)
    0x08008e68   0x08008e68   0x00000036   Data   RO          251    .conststring        freertos.o
    0x08008e9e   0x08008e9e   0x00000002   PAD
    0x08008ea0   0x08008ea0   0x00000020   Data   RO         7305    Region$$Table       anon$$obj.o


    Execution Region RW_IRAM1 (Exec base: 0x20000000, Load base: 0x08008ec0, Size: 0x00003c60, Max: 0x00005000, ABSOLUTE, COMPRESSED[0x00000028])

    Exec Addr    Load Addr    Size         Type   Attr      Idx    E Section Name        Object

    0x20000000   COMPRESSED   0x00000014   Data   RW          252    .data               freertos.o
    0x20000014   COMPRESSED   0x00000004   Data   RW          655    .data               stm32f1xx_it.o
    0x20000018   COMPRESSED   0x00000011   Data   RW          837    .data               pickbot.o
    0x20000029   COMPRESSED   0x00000001   PAD
    0x2000002a   COMPRESSED   0x00000002   Data   RW         1469    .data               zdt_motor.o
    0x2000002c   COMPRESSED   0x0000000d   Data   RW         1637    .data               zdt_odometry.o
    0x20000039   COMPRESSED   0x00000003   PAD
    0x2000003c   COMPRESSED   0x00000038   Data   RW         1732    .data               drv8874.o
    0x20000074   COMPRESSED   0x0000003c   Data   RW         1893    .data               us100.o
    0x200000b0   COMPRESSED   0x00000022   Data   RW         1996    .data               jy901s.o
    0x200000d2   COMPRESSED   0x00000002   PAD
    0x200000d4   COMPRESSED   0x00000028   Data   RW         2142    .data               pickbot_comm.o
    0x200000fc   COMPRESSED   0x00000009   Data   RW         3608    .data               stm32f1xx_hal.o
    0x20000105   COMPRESSED   0x00000003   PAD
    0x20000108   COMPRESSED   0x00000004   Data   RW         5678    .data               system_stm32f1xx.o
    0x2000010c   COMPRESSED   0x0000003c   Data   RW         6239    .data               tasks.o
    0x20000148   COMPRESSED   0x00000020   Data   RW         6892    .data               heap_4.o
    0x20000168   COMPRESSED   0x0000000c   Data   RW         6960    .data               port.o
    0x20000174        -       0x00000254   Zero   RW          249    .bss                freertos.o
    0x200003c8        -       0x00000030   Zero   RW          330    .bss                adc.o
    0x200003f8        -       0x00000064   Zero   RW          395    .bss                can.o
    0x2000045c        -       0x00000054   Zero   RW          477    .bss                i2c.o
    0x200004b0        -       0x000000d8   Zero   RW          523    .bss                tim.o
    0x20000588        -       0x000000d8   Zero   RW          593    .bss                usart.o
    0x20000660        -       0x00000048   Zero   RW          772    .bss                stm32f1xx_hal_timebase_tim.o
    0x200006a8        -       0x000000b8   Zero   RW          836    .bss                pickbot.o
    0x20000760        -       0x00000934   Zero   RW         1075    .bss                emm_v5.o
    0x20001094        -       0x0000000d   Zero   RW         1468    .bss                zdt_motor.o
    0x200010a1   COMPRESSED   0x00000003   PAD
    0x200010a4        -       0x0000000c   Zero   RW         1636    .bss                zdt_odometry.o
    0x200010b0        -       0x0000005e   Zero   RW         2141    .bss                pickbot_comm.o
    0x2000110e   COMPRESSED   0x00000002   PAD
    0x20001110        -       0x000000f0   Zero   RW         6238    .bss                tasks.o
    0x20001200        -       0x00002000   Zero   RW         6891    .bss                heap_4.o
    0x20003200        -       0x00000060   Zero   RW         7163    .bss                c_w.l(libspace.o)
    0x20003260        -       0x00000200   Zero   RW            2    HEAP                startup_stm32f103xb.o
    0x20003460        -       0x00000800   Zero   RW            1    STACK               startup_stm32f103xb.o


==============================================================================

Image component sizes


      Code (inc. data)   RO Data    RW Data    ZI Data      Debug   Object Name

       288         34          0          0         48       2466   adc.o
       748         72          0          0        100       6502   can.o
       142          0          0          0          0      22643   cmsis_os.o
       578        138         16         56          0       7330   drv8874.o
       436         36          0          0       2356      28191   emm_v5.o
         0          0          0          0          0      16784   event_groups.o
       244         36        194         20        596       6432   freertos.o
       160         10          0          0          0        855   gpio.o
       724         74          0         32       8192       7103   heap_4.o
       232         38          0          0         84       1973   i2c.o
      1860        212          0         34          0      11201   jy901s.o
       148          0          0          0          0       3226   list.o
       206          0          0          0          0     498272   main.o
      1304         90          0         17        184      12440   pickbot.o
      1932        246          0         40         94      13925   pickbot_comm.o
       734         64          0         12          0      10060   port.o
        64         26        236          0       2560        780   startup_stm32f103xb.o
        76         20          0          9          0       4458   stm32f1xx_hal.o
      1224         44          0          0          0       5096   stm32f1xx_hal_adc.o
       284          6          0          0          0       1402   stm32f1xx_hal_adc_ex.o
      2204          0          0          0          0      14553   stm32f1xx_hal_can.o
       252         22          0          0          0      28486   stm32f1xx_hal_cortex.o
       262          4          0          0          0       1663   stm32f1xx_hal_dma.o
      1136         58          0          0          0       4093   stm32f1xx_hal_gpio.o
      2942         48          0          0          0      10251   stm32f1xx_hal_i2c.o
        96         10          0          0          0        834   stm32f1xx_hal_msp.o
      1816        108         18          0          0       6309   stm32f1xx_hal_rcc.o
       556         34         18          0          0       2281   stm32f1xx_hal_rcc_ex.o
      2098         60          0          0          0      15056   stm32f1xx_hal_tim.o
       136         14          0          0          0       2305   stm32f1xx_hal_tim_ex.o
       180         22          0          0         72       1371   stm32f1xx_hal_timebase_tim.o
      2114          8          0          0          0      11172   stm32f1xx_hal_uart.o
       146         44          0          4          0       5694   stm32f1xx_it.o
         0          0          0          0          0        384   stream_buffer.o
         2          0         24          4          0       1023   system_stm32f1xx.o
      2186        268          0         60        240      19409   tasks.o
       688         62          0          0        216       4878   tim.o
       748         54          0         60          0       7448   us100.o
       568         54          0          0        216       2760   usart.o
       998         76          0          2         13      12627   zdt_motor.o
       612         88          0         13         12       5001   zdt_odometry.o

    ----------------------------------------------------------------------
     31176       2180        540        372      14988     818737   Object Totals
         0          0         32          0          0          0   (incl. Generated)
        52          0          2          9          5          0   (incl. Padding)

    ----------------------------------------------------------------------

      Code (inc. data)   RO Data    RW Data    ZI Data      Debug   Library Member Name

        58          0          0          0          0          0   __dczerorl.o
         8          0          0          0          0         68   __main.o
         0          0          0          0          0          0   __rtentry.o
        12          0          0          0          0          0   __rtentry2.o
         6          0          0          0          0          0   __rtentry4.o
        52          8          0          0          0          0   __scatter.o
        28          0          0          0          0          0   __scatter_zi.o
        22          0          0          0          0        100   _rserrno.o
        18          0          0          0          0         80   exit.o
         6          0          0          0          0        152   heapauxi.o
         0          0          0          0          0          0   indicate_semi.o
         2          0          0          0          0          0   libinit.o
         2          0          0          0          0          0   libinit2.o
         2          0          0          0          0          0   libshutdown.o
         2          0          0          0          0          0   libshutdown2.o
         8          4          0          0         96         68   libspace.o
         8          4          0          0          0         68   rt_errno_addr_intlibspace.o
        68          0          0          0          0         68   rt_memclr.o
        78          0          0          0          0         80   rt_memclr_w.o
       138          0          0          0          0         68   rt_memcpy_v6.o
       100          0          0          0          0         80   rt_memcpy_w.o
         2          0          0          0          0          0   rtexit.o
        10          0          0          0          0          0   rtexit2.o
        12          4          0          0          0         68   sys_exit.o
        74          0          0          0          0         80   sys_stackheap_outer.o
         2          0          0          0          0         68   use_no_semi.o
       450          8          0          0          0        236   faddsub_clz.o
        12          4          0          0          0         68   fcheck1.o
        24          0          0          0          0         68   fcmpi.o
       388         76          0          0          0         96   fdiv.o
        54          4          0          0          0         84   ffix.o
        86          0          0          0          0        136   fflt_clz.o
       104          4          0          0          0         84   fleqf.o
       258          4          0          0          0         84   fmul.o
       140          4          0          0          0         84   fnaninf.o
        10          0          0          0          0         68   fretinf.o
        98          0          0          0          0         68   frleqf.o
        96          4          0          0          0         76   frnd.o
       272        100          0          0          0         88   fsqrt.o
       100          0          0          0          0         68   retnan.o
        76          0          0          0          0         68   scalbnf.o
        48          0          0          0          0         68   trapv.o
         0          0          0          0          0          0   usenofp.o
       604         76          0          0          0        116   atan2f.o
       380         52          0          0          0        124   cosf.o
        38          0          0          0          0         68   fpclassifyf.o
        28          0          0          0          0        272   funder.o
       360         16         32          0          0         88   rredf.o
       392         54          0          0          0        124   sinf.o
        44          0          0          0          0         80   sqrtf.o

    ----------------------------------------------------------------------
      4796        426         32          0         96       3364   Library Totals
        16          0          0          0          0          0   (incl. Padding)

    ----------------------------------------------------------------------

      Code (inc. data)   RO Data    RW Data    ZI Data      Debug   Library Name

       718         20          0          0         96       1048   c_w.l
      2216        208          0          0          0       1444   fz_ws.l
      1846        198         32          0          0        872   m_ws.l

    ----------------------------------------------------------------------
      4796        426         32          0         96       3364   Library Totals

    ----------------------------------------------------------------------

==============================================================================


      Code (inc. data)   RO Data    RW Data    ZI Data      Debug   

     35972       2606        572        372      15084     804365   Grand Totals
     35972       2606        572         40      15084     804365   ELF Image Totals (compressed)
     35972       2606        572         40          0          0   ROM Totals

==============================================================================

    Total RO  Size (Code + RO Data)                36544 (  35.69kB)
    Total RW  Size (RW Data + ZI Data)             15456 (  15.09kB)
    Total ROM Size (Code + RO Data + RW Data)      36584 (  35.73kB)

==============================================================================

